<testsuites id="" name="" tests="160" failures="47" skipped="0" errors="0" time="407.02923">
<testsuite name="api.spec.ts" timestamp="2025-09-21T18:53:34.001Z" hostname="chromium" tests="11" failures="0" skipped="0" time="82.902" errors="0">
<testcase name="API Endpoints › should handle web vitals API correctly" classname="api.spec.ts" time="9.023">
</testcase>
<testcase name="API Endpoints › should validate web vitals data" classname="api.spec.ts" time="9.134">
</testcase>
<testcase name="API Endpoints › should handle CORS correctly" classname="api.spec.ts" time="9.422">
</testcase>
<testcase name="API Endpoints › should rate limit requests" classname="api.spec.ts" time="8.99">
</testcase>
<testcase name="API Endpoints › should handle malformed JSON" classname="api.spec.ts" time="0.367">
</testcase>
<testcase name="API Endpoints › should handle large payloads" classname="api.spec.ts" time="0.418">
</testcase>
<testcase name="API Endpoints › should have proper error responses" classname="api.spec.ts" time="22.521">
</testcase>
<testcase name="API Endpoints › should handle concurrent requests" classname="api.spec.ts" time="0.502">
</testcase>
<testcase name="API Endpoints › should validate content types" classname="api.spec.ts" time="0.351">
</testcase>
<testcase name="API Endpoints › should have security headers" classname="api.spec.ts" time="0.332">
</testcase>
<testcase name="API Endpoints › should handle authentication for protected endpoints" classname="api.spec.ts" time="21.842">
</testcase>
</testsuite>
<testsuite name="auth.spec.ts" timestamp="2025-09-21T18:53:34.001Z" hostname="chromium" tests="8" failures="7" skipped="0" time="331.803" errors="0">
<testcase name="Authentication Flow › should display sign in options" classname="auth.spec.ts" time="19.971">
</testcase>
<testcase name="Authentication Flow › should handle OAuth providers" classname="auth.spec.ts" time="41.889">
<failure message="auth.spec.ts:29:7 should handle OAuth providers" type="FAILURE">
<![CDATA[  [chromium] › auth.spec.ts:29:7 › Authentication Flow › should handle OAuth providers ─────────────

    Test timeout of 30000ms exceeded.

    Error: page.goto: net::ERR_ABORTED; maybe frame was detached?
    Call log:
      - navigating to "http://localhost:3000/api/auth/signin", waiting until "load"


      29 |   test('should handle OAuth providers', async ({ page }) => {
      30 |     // Navigate to auth page
    > 31 |     await page.goto('/api/auth/signin');
         |                ^
      32 |     
      33 |     // Check for OAuth provider buttons
      34 |     const providers = [
        at /Users/morfi/Downloads/be-9f0e9d2065d425c457992d288a64b6eeed63e9bd/tests/e2e/auth.spec.ts:31:16

    attachment #1: video (video/webm) ──────────────────────────────────────────────────────────────
    ../../test-results/auth-Authentication-Flow-should-handle-OAuth-providers-chromium/video.webm
    ────────────────────────────────────────────────────────────────────────────────────────────────
]]>
</failure>
<system-out>
<![CDATA[
[[ATTACHMENT|auth-Authentication-Flow-should-handle-OAuth-providers-chromium/video.webm]]
]]>
</system-out>
</testcase>
<testcase name="Authentication Flow › should handle sign out" classname="auth.spec.ts" time="45.191">
<failure message="auth.spec.ts:57:7 should handle sign out" type="FAILURE">
<![CDATA[  [chromium] › auth.spec.ts:57:7 › Authentication Flow › should handle sign out ────────────────────

    Test timeout of 30000ms exceeded while running "beforeEach" hook.

      2 |
      3 | test.describe('Authentication Flow', () => {
    > 4 |   test.beforeEach(async ({ page }) => {
        |        ^
      5 |     await page.goto('/');
      6 |   });
      7 |
        at /Users/morfi/Downloads/be-9f0e9d2065d425c457992d288a64b6eeed63e9bd/tests/e2e/auth.spec.ts:4:8

    Error: page.goto: net::ERR_ABORTED; maybe frame was detached?
    Call log:
      - navigating to "http://localhost:3000/", waiting until "load"


      3 | test.describe('Authentication Flow', () => {
      4 |   test.beforeEach(async ({ page }) => {
    > 5 |     await page.goto('/');
        |                ^
      6 |   });
      7 |
      8 |   test('should display sign in options', async ({ page }) => {
        at /Users/morfi/Downloads/be-9f0e9d2065d425c457992d288a64b6eeed63e9bd/tests/e2e/auth.spec.ts:5:16

    attachment #1: video (video/webm) ──────────────────────────────────────────────────────────────
    ../../test-results/auth-Authentication-Flow-should-handle-sign-out-chromium/video.webm
    ────────────────────────────────────────────────────────────────────────────────────────────────
]]>
</failure>
<system-out>
<![CDATA[
[[ATTACHMENT|auth-Authentication-Flow-should-handle-sign-out-chromium/video.webm]]
]]>
</system-out>
</testcase>
<testcase name="Authentication Flow › should protect authenticated routes" classname="auth.spec.ts" time="45.964">
<failure message="auth.spec.ts:79:7 should protect authenticated routes" type="FAILURE">
<![CDATA[  [chromium] › auth.spec.ts:79:7 › Authentication Flow › should protect authenticated routes ───────

    Test timeout of 30000ms exceeded while running "beforeEach" hook.

      2 |
      3 | test.describe('Authentication Flow', () => {
    > 4 |   test.beforeEach(async ({ page }) => {
        |        ^
      5 |     await page.goto('/');
      6 |   });
      7 |
        at /Users/morfi/Downloads/be-9f0e9d2065d425c457992d288a64b6eeed63e9bd/tests/e2e/auth.spec.ts:4:8

    Error: page.goto: net::ERR_ABORTED; maybe frame was detached?
    Call log:
      - navigating to "http://localhost:3000/", waiting until "load"


      3 | test.describe('Authentication Flow', () => {
      4 |   test.beforeEach(async ({ page }) => {
    > 5 |     await page.goto('/');
        |                ^
      6 |   });
      7 |
      8 |   test('should display sign in options', async ({ page }) => {
        at /Users/morfi/Downloads/be-9f0e9d2065d425c457992d288a64b6eeed63e9bd/tests/e2e/auth.spec.ts:5:16

    attachment #1: video (video/webm) ──────────────────────────────────────────────────────────────
    ../../test-results/auth-Authentication-Flow-should-protect-authenticated-routes-chromium/video.webm
    ────────────────────────────────────────────────────────────────────────────────────────────────
]]>
</failure>
<system-out>
<![CDATA[
[[ATTACHMENT|auth-Authentication-Flow-should-protect-authenticated-routes-chromium/video.webm]]
]]>
</system-out>
</testcase>
<testcase name="Authentication Flow › should handle CSRF protection" classname="auth.spec.ts" time="45.893">
<failure message="auth.spec.ts:106:7 should handle CSRF protection" type="FAILURE">
<![CDATA[  [chromium] › auth.spec.ts:106:7 › Authentication Flow › should handle CSRF protection ────────────

    Test timeout of 30000ms exceeded while running "beforeEach" hook.

      2 |
      3 | test.describe('Authentication Flow', () => {
    > 4 |   test.beforeEach(async ({ page }) => {
        |        ^
      5 |     await page.goto('/');
      6 |   });
      7 |
        at /Users/morfi/Downloads/be-9f0e9d2065d425c457992d288a64b6eeed63e9bd/tests/e2e/auth.spec.ts:4:8

    Error: page.goto: net::ERR_ABORTED; maybe frame was detached?
    Call log:
      - navigating to "http://localhost:3000/", waiting until "load"


      3 | test.describe('Authentication Flow', () => {
      4 |   test.beforeEach(async ({ page }) => {
    > 5 |     await page.goto('/');
        |                ^
      6 |   });
      7 |
      8 |   test('should display sign in options', async ({ page }) => {
        at /Users/morfi/Downloads/be-9f0e9d2065d425c457992d288a64b6eeed63e9bd/tests/e2e/auth.spec.ts:5:16

    attachment #1: video (video/webm) ──────────────────────────────────────────────────────────────
    ../../test-results/auth-Authentication-Flow-should-handle-CSRF-protection-chromium/video.webm
    ────────────────────────────────────────────────────────────────────────────────────────────────
]]>
</failure>
<system-out>
<![CDATA[
[[ATTACHMENT|auth-Authentication-Flow-should-handle-CSRF-protection-chromium/video.webm]]
]]>
</system-out>
</testcase>
<testcase name="Authentication Flow › should have secure session handling" classname="auth.spec.ts" time="43.692">
<failure message="auth.spec.ts:128:7 should have secure session handling" type="FAILURE">
<![CDATA[  [chromium] › auth.spec.ts:128:7 › Authentication Flow › should have secure session handling ──────

    Test timeout of 30000ms exceeded while running "beforeEach" hook.

      2 |
      3 | test.describe('Authentication Flow', () => {
    > 4 |   test.beforeEach(async ({ page }) => {
        |        ^
      5 |     await page.goto('/');
      6 |   });
      7 |
        at /Users/morfi/Downloads/be-9f0e9d2065d425c457992d288a64b6eeed63e9bd/tests/e2e/auth.spec.ts:4:8

    Error: page.goto: net::ERR_ABORTED; maybe frame was detached?
    Call log:
      - navigating to "http://localhost:3000/", waiting until "load"


      3 | test.describe('Authentication Flow', () => {
      4 |   test.beforeEach(async ({ page }) => {
    > 5 |     await page.goto('/');
        |                ^
      6 |   });
      7 |
      8 |   test('should display sign in options', async ({ page }) => {
        at /Users/morfi/Downloads/be-9f0e9d2065d425c457992d288a64b6eeed63e9bd/tests/e2e/auth.spec.ts:5:16

    attachment #1: video (video/webm) ──────────────────────────────────────────────────────────────
    ../../test-results/auth-Authentication-Flow-should-have-secure-session-handling-chromium/video.webm
    ────────────────────────────────────────────────────────────────────────────────────────────────
]]>
</failure>
<system-out>
<![CDATA[
[[ATTACHMENT|auth-Authentication-Flow-should-have-secure-session-handling-chromium/video.webm]]
]]>
</system-out>
</testcase>
<testcase name="Authentication Flow › should handle authentication errors gracefully" classname="auth.spec.ts" time="44.017">
<failure message="auth.spec.ts:154:7 should handle authentication errors gracefully" type="FAILURE">
<![CDATA[  [chromium] › auth.spec.ts:154:7 › Authentication Flow › should handle authentication errors gracefully 

    Test timeout of 30000ms exceeded while running "beforeEach" hook.

      2 |
      3 | test.describe('Authentication Flow', () => {
    > 4 |   test.beforeEach(async ({ page }) => {
        |        ^
      5 |     await page.goto('/');
      6 |   });
      7 |
        at /Users/morfi/Downloads/be-9f0e9d2065d425c457992d288a64b6eeed63e9bd/tests/e2e/auth.spec.ts:4:8

    Error: page.goto: net::ERR_ABORTED; maybe frame was detached?
    Call log:
      - navigating to "http://localhost:3000/", waiting until "load"


      3 | test.describe('Authentication Flow', () => {
      4 |   test.beforeEach(async ({ page }) => {
    > 5 |     await page.goto('/');
        |                ^
      6 |   });
      7 |
      8 |   test('should display sign in options', async ({ page }) => {
        at /Users/morfi/Downloads/be-9f0e9d2065d425c457992d288a64b6eeed63e9bd/tests/e2e/auth.spec.ts:5:16

    attachment #1: video (video/webm) ──────────────────────────────────────────────────────────────
    ../../test-results/auth-Authentication-Flow-s-ad881-ntication-errors-gracefully-chromium/video.webm
    ────────────────────────────────────────────────────────────────────────────────────────────────
]]>
</failure>
<system-out>
<![CDATA[
[[ATTACHMENT|auth-Authentication-Flow-s-ad881-ntication-errors-gracefully-chromium/video.webm]]
]]>
</system-out>
</testcase>
<testcase name="Authentication Flow › should validate auth API endpoints" classname="auth.spec.ts" time="45.186">
<failure message="auth.spec.ts:165:7 should validate auth API endpoints" type="FAILURE">
<![CDATA[  [chromium] › auth.spec.ts:165:7 › Authentication Flow › should validate auth API endpoints ───────

    Test timeout of 30000ms exceeded while running "beforeEach" hook.

      2 |
      3 | test.describe('Authentication Flow', () => {
    > 4 |   test.beforeEach(async ({ page }) => {
        |        ^
      5 |     await page.goto('/');
      6 |   });
      7 |
        at /Users/morfi/Downloads/be-9f0e9d2065d425c457992d288a64b6eeed63e9bd/tests/e2e/auth.spec.ts:4:8

    Error: page.goto: net::ERR_ABORTED; maybe frame was detached?
    Call log:
      - navigating to "http://localhost:3000/", waiting until "load"


      3 | test.describe('Authentication Flow', () => {
      4 |   test.beforeEach(async ({ page }) => {
    > 5 |     await page.goto('/');
        |                ^
      6 |   });
      7 |
      8 |   test('should display sign in options', async ({ page }) => {
        at /Users/morfi/Downloads/be-9f0e9d2065d425c457992d288a64b6eeed63e9bd/tests/e2e/auth.spec.ts:5:16

    attachment #1: video (video/webm) ──────────────────────────────────────────────────────────────
    ../../test-results/auth-Authentication-Flow-should-validate-auth-API-endpoints-chromium/video.webm
    ────────────────────────────────────────────────────────────────────────────────────────────────
]]>
</failure>
<system-out>
<![CDATA[
[[ATTACHMENT|auth-Authentication-Flow-should-validate-auth-API-endpoints-chromium/video.webm]]
]]>
</system-out>
</testcase>
</testsuite>
<testsuite name="homepage.spec.ts" timestamp="2025-09-21T18:53:34.001Z" hostname="chromium" tests="7" failures="7" skipped="0" time="295.056" errors="0">
<testcase name="Homepage › should display homepage content correctly" classname="homepage.spec.ts" time="45.145">
<failure message="homepage.spec.ts:8:7 should display homepage content correctly" type="FAILURE">
<![CDATA[  [chromium] › homepage.spec.ts:8:7 › Homepage › should display homepage content correctly ─────────

    Test timeout of 30000ms exceeded while running "beforeEach" hook.

      2 |
      3 | test.describe('Homepage', () => {
    > 4 |   test.beforeEach(async ({ page }) => {
        |        ^
      5 |     await page.goto('/');
      6 |   });
      7 |
        at /Users/morfi/Downloads/be-9f0e9d2065d425c457992d288a64b6eeed63e9bd/tests/e2e/homepage.spec.ts:4:8

    Error: page.goto: net::ERR_ABORTED; maybe frame was detached?
    Call log:
      - navigating to "http://localhost:3000/", waiting until "load"


      3 | test.describe('Homepage', () => {
      4 |   test.beforeEach(async ({ page }) => {
    > 5 |     await page.goto('/');
        |                ^
      6 |   });
      7 |
      8 |   test('should display homepage content correctly', async ({ page }) => {
        at /Users/morfi/Downloads/be-9f0e9d2065d425c457992d288a64b6eeed63e9bd/tests/e2e/homepage.spec.ts:5:16

    attachment #1: video (video/webm) ──────────────────────────────────────────────────────────────
    ../../test-results/homepage-Homepage-should-display-homepage-content-correctly-chromium/video.webm
    ────────────────────────────────────────────────────────────────────────────────────────────────
]]>
</failure>
<system-out>
<![CDATA[
[[ATTACHMENT|homepage-Homepage-should-display-homepage-content-correctly-chromium/video.webm]]
]]>
</system-out>
</testcase>
<testcase name="Homepage › should have working navigation" classname="homepage.spec.ts" time="43.411">
<failure message="homepage.spec.ts:21:7 should have working navigation" type="FAILURE">
<![CDATA[  [chromium] › homepage.spec.ts:21:7 › Homepage › should have working navigation ───────────────────

    Test timeout of 30000ms exceeded while running "beforeEach" hook.

      2 |
      3 | test.describe('Homepage', () => {
    > 4 |   test.beforeEach(async ({ page }) => {
        |        ^
      5 |     await page.goto('/');
      6 |   });
      7 |
        at /Users/morfi/Downloads/be-9f0e9d2065d425c457992d288a64b6eeed63e9bd/tests/e2e/homepage.spec.ts:4:8

    Error: page.goto: net::ERR_ABORTED; maybe frame was detached?
    Call log:
      - navigating to "http://localhost:3000/", waiting until "load"


      3 | test.describe('Homepage', () => {
      4 |   test.beforeEach(async ({ page }) => {
    > 5 |     await page.goto('/');
        |                ^
      6 |   });
      7 |
      8 |   test('should display homepage content correctly', async ({ page }) => {
        at /Users/morfi/Downloads/be-9f0e9d2065d425c457992d288a64b6eeed63e9bd/tests/e2e/homepage.spec.ts:5:16

    attachment #1: video (video/webm) ──────────────────────────────────────────────────────────────
    ../../test-results/homepage-Homepage-should-have-working-navigation-chromium/video.webm
    ────────────────────────────────────────────────────────────────────────────────────────────────
]]>
</failure>
<system-out>
<![CDATA[
[[ATTACHMENT|homepage-Homepage-should-have-working-navigation-chromium/video.webm]]
]]>
</system-out>
</testcase>
<testcase name="Homepage › should be accessible" classname="homepage.spec.ts" time="42.938">
<failure message="homepage.spec.ts:41:7 should be accessible" type="FAILURE">
<![CDATA[  [chromium] › homepage.spec.ts:41:7 › Homepage › should be accessible ─────────────────────────────

    Test timeout of 30000ms exceeded while running "beforeEach" hook.

      2 |
      3 | test.describe('Homepage', () => {
    > 4 |   test.beforeEach(async ({ page }) => {
        |        ^
      5 |     await page.goto('/');
      6 |   });
      7 |
        at /Users/morfi/Downloads/be-9f0e9d2065d425c457992d288a64b6eeed63e9bd/tests/e2e/homepage.spec.ts:4:8

    Error: page.goto: net::ERR_ABORTED; maybe frame was detached?
    Call log:
      - navigating to "http://localhost:3000/", waiting until "load"


      3 | test.describe('Homepage', () => {
      4 |   test.beforeEach(async ({ page }) => {
    > 5 |     await page.goto('/');
        |                ^
      6 |   });
      7 |
      8 |   test('should display homepage content correctly', async ({ page }) => {
        at /Users/morfi/Downloads/be-9f0e9d2065d425c457992d288a64b6eeed63e9bd/tests/e2e/homepage.spec.ts:5:16

    attachment #1: video (video/webm) ──────────────────────────────────────────────────────────────
    ../../test-results/homepage-Homepage-should-be-accessible-chromium/video.webm
    ────────────────────────────────────────────────────────────────────────────────────────────────
]]>
</failure>
<system-out>
<![CDATA[
[[ATTACHMENT|homepage-Homepage-should-be-accessible-chromium/video.webm]]
]]>
</system-out>
</testcase>
<testcase name="Homepage › should handle keyboard navigation" classname="homepage.spec.ts" time="44.228">
<failure message="homepage.spec.ts:77:7 should handle keyboard navigation" type="FAILURE">
<![CDATA[  [chromium] › homepage.spec.ts:77:7 › Homepage › should handle keyboard navigation ────────────────

    Test timeout of 30000ms exceeded while running "beforeEach" hook.

      2 |
      3 | test.describe('Homepage', () => {
    > 4 |   test.beforeEach(async ({ page }) => {
        |        ^
      5 |     await page.goto('/');
      6 |   });
      7 |
        at /Users/morfi/Downloads/be-9f0e9d2065d425c457992d288a64b6eeed63e9bd/tests/e2e/homepage.spec.ts:4:8

    Error: page.goto: net::ERR_ABORTED; maybe frame was detached?
    Call log:
      - navigating to "http://localhost:3000/", waiting until "load"


      3 | test.describe('Homepage', () => {
      4 |   test.beforeEach(async ({ page }) => {
    > 5 |     await page.goto('/');
        |                ^
      6 |   });
      7 |
      8 |   test('should display homepage content correctly', async ({ page }) => {
        at /Users/morfi/Downloads/be-9f0e9d2065d425c457992d288a64b6eeed63e9bd/tests/e2e/homepage.spec.ts:5:16

    attachment #1: video (video/webm) ──────────────────────────────────────────────────────────────
    ../../test-results/homepage-Homepage-should-handle-keyboard-navigation-chromium/video.webm
    ────────────────────────────────────────────────────────────────────────────────────────────────
]]>
</failure>
<system-out>
<![CDATA[
[[ATTACHMENT|homepage-Homepage-should-handle-keyboard-navigation-chromium/video.webm]]
]]>
</system-out>
</testcase>
<testcase name="Homepage › should load without JavaScript errors" classname="homepage.spec.ts" time="44.317">
<failure message="homepage.spec.ts:98:7 should load without JavaScript errors" type="FAILURE">
<![CDATA[  [chromium] › homepage.spec.ts:98:7 › Homepage › should load without JavaScript errors ────────────

    Test timeout of 30000ms exceeded while running "beforeEach" hook.

      2 |
      3 | test.describe('Homepage', () => {
    > 4 |   test.beforeEach(async ({ page }) => {
        |        ^
      5 |     await page.goto('/');
      6 |   });
      7 |
        at /Users/morfi/Downloads/be-9f0e9d2065d425c457992d288a64b6eeed63e9bd/tests/e2e/homepage.spec.ts:4:8

    Error: page.goto: net::ERR_ABORTED; maybe frame was detached?
    Call log:
      - navigating to "http://localhost:3000/", waiting until "load"


      3 | test.describe('Homepage', () => {
      4 |   test.beforeEach(async ({ page }) => {
    > 5 |     await page.goto('/');
        |                ^
      6 |   });
      7 |
      8 |   test('should display homepage content correctly', async ({ page }) => {
        at /Users/morfi/Downloads/be-9f0e9d2065d425c457992d288a64b6eeed63e9bd/tests/e2e/homepage.spec.ts:5:16

    attachment #1: video (video/webm) ──────────────────────────────────────────────────────────────
    ../../test-results/homepage-Homepage-should-load-without-JavaScript-errors-chromium/video.webm
    ────────────────────────────────────────────────────────────────────────────────────────────────
]]>
</failure>
<system-out>
<![CDATA[
[[ATTACHMENT|homepage-Homepage-should-load-without-JavaScript-errors-chromium/video.webm]]
]]>
</system-out>
</testcase>
<testcase name="Homepage › should have proper meta tags for SEO" classname="homepage.spec.ts" time="43.572">
<failure message="homepage.spec.ts:124:7 should have proper meta tags for SEO" type="FAILURE">
<![CDATA[  [chromium] › homepage.spec.ts:124:7 › Homepage › should have proper meta tags for SEO ────────────

    Test timeout of 30000ms exceeded while running "beforeEach" hook.

      2 |
      3 | test.describe('Homepage', () => {
    > 4 |   test.beforeEach(async ({ page }) => {
        |        ^
      5 |     await page.goto('/');
      6 |   });
      7 |
        at /Users/morfi/Downloads/be-9f0e9d2065d425c457992d288a64b6eeed63e9bd/tests/e2e/homepage.spec.ts:4:8

    Error: page.goto: net::ERR_ABORTED; maybe frame was detached?
    Call log:
      - navigating to "http://localhost:3000/", waiting until "load"


      3 | test.describe('Homepage', () => {
      4 |   test.beforeEach(async ({ page }) => {
    > 5 |     await page.goto('/');
        |                ^
      6 |   });
      7 |
      8 |   test('should display homepage content correctly', async ({ page }) => {
        at /Users/morfi/Downloads/be-9f0e9d2065d425c457992d288a64b6eeed63e9bd/tests/e2e/homepage.spec.ts:5:16

    attachment #1: video (video/webm) ──────────────────────────────────────────────────────────────
    ../../test-results/homepage-Homepage-should-have-proper-meta-tags-for-SEO-chromium/video.webm
    ────────────────────────────────────────────────────────────────────────────────────────────────
]]>
</failure>
<system-out>
<![CDATA[
[[ATTACHMENT|homepage-Homepage-should-have-proper-meta-tags-for-SEO-chromium/video.webm]]
]]>
</system-out>
</testcase>
<testcase name="Homepage › should be responsive" classname="homepage.spec.ts" time="31.445">
<failure message="homepage.spec.ts:145:7 should be responsive" type="FAILURE">
<![CDATA[  [chromium] › homepage.spec.ts:145:7 › Homepage › should be responsive ────────────────────────────

    Test timeout of 30000ms exceeded.

    Error: page.reload: Test timeout of 30000ms exceeded.
    Call log:
      - waiting for navigation until "load"
        - navigated to "http://localhost:3000/"


      160 |     // Test desktop viewport
      161 |     await page.setViewportSize({ width: 1920, height: 1080 });
    > 162 |     await page.reload();
          |                ^
      163 |     
      164 |     await expect(main).toBeVisible();
      165 |   });
        at /Users/morfi/Downloads/be-9f0e9d2065d425c457992d288a64b6eeed63e9bd/tests/e2e/homepage.spec.ts:162:16

    attachment #1: screenshot (image/png) ──────────────────────────────────────────────────────────
    ../../test-results/homepage-Homepage-should-be-responsive-chromium/test-failed-1.png
    ────────────────────────────────────────────────────────────────────────────────────────────────

    attachment #2: video (video/webm) ──────────────────────────────────────────────────────────────
    ../../test-results/homepage-Homepage-should-be-responsive-chromium/video.webm
    ────────────────────────────────────────────────────────────────────────────────────────────────

    Error Context: ../../test-results/homepage-Homepage-should-be-responsive-chromium/error-context.md
]]>
</failure>
<system-out>
<![CDATA[
[[ATTACHMENT|homepage-Homepage-should-be-responsive-chromium/test-failed-1.png]]

[[ATTACHMENT|homepage-Homepage-should-be-responsive-chromium/video.webm]]

[[ATTACHMENT|homepage-Homepage-should-be-responsive-chromium/error-context.md]]
]]>
</system-out>
</testcase>
</testsuite>
<testsuite name="performance.spec.ts" timestamp="2025-09-21T18:53:34.001Z" hostname="chromium" tests="6" failures="3" skipped="0" time="79.436" errors="0">
<testcase name="Performance Dashboard › should load homepage within performance budget" classname="performance.spec.ts" time="25.152">
</testcase>
<testcase name="Performance Dashboard › should display performance dashboard in development" classname="performance.spec.ts" time="28.078">
<failure message="performance.spec.ts:18:7 should display performance dashboard in development" type="FAILURE">
<![CDATA[  [chromium] › performance.spec.ts:18:7 › Performance Dashboard › should display performance dashboard in development 

    Error: expect(locator).toBeVisible() failed

    Locator:  locator('[data-testid="performance-dashboard"]')
    Expected: visible
    Received: <element(s) not found>
    Timeout:  5000ms

    Call log:
      - Expect "toBeVisible" with timeout 5000ms
      - waiting for locator('[data-testid="performance-dashboard"]')


      21 |     
      22 |     if (isDev) {
    > 23 |       await expect(page.locator('[data-testid="performance-dashboard"]')).toBeVisible();
         |                                                                           ^
      24 |     }
      25 |   });
      26 |
        at /Users/morfi/Downloads/be-9f0e9d2065d425c457992d288a64b6eeed63e9bd/tests/e2e/performance.spec.ts:23:75

    attachment #1: screenshot (image/png) ──────────────────────────────────────────────────────────
    ../../test-results/performance-Performance-Da-781c1-ce-dashboard-in-development-chromium/test-failed-1.png
    ────────────────────────────────────────────────────────────────────────────────────────────────

    attachment #2: video (video/webm) ──────────────────────────────────────────────────────────────
    ../../test-results/performance-Performance-Da-781c1-ce-dashboard-in-development-chromium/video.webm
    ────────────────────────────────────────────────────────────────────────────────────────────────

    Error Context: ../../test-results/performance-Performance-Da-781c1-ce-dashboard-in-development-chromium/error-context.md
]]>
</failure>
<system-out>
<![CDATA[
[[ATTACHMENT|performance-Performance-Da-781c1-ce-dashboard-in-development-chromium/test-failed-1.png]]

[[ATTACHMENT|performance-Performance-Da-781c1-ce-dashboard-in-development-chromium/video.webm]]

[[ATTACHMENT|performance-Performance-Da-781c1-ce-dashboard-in-development-chromium/error-context.md]]
]]>
</system-out>
</testcase>
<testcase name="Performance Dashboard › should have good Core Web Vitals" classname="performance.spec.ts" time="13.003">
</testcase>
<testcase name="Performance Dashboard › should have accessible navigation" classname="performance.spec.ts" time="1.686">
</testcase>
<testcase name="Performance Dashboard › should be responsive on mobile" classname="performance.spec.ts" time="4.293">
<failure message="performance.spec.ts:60:7 should be responsive on mobile" type="FAILURE">
<![CDATA[  [chromium] › performance.spec.ts:60:7 › Performance Dashboard › should be responsive on mobile ───

    Error: locator.isVisible: Error: strict mode violation: locator('nav') resolved to 3 elements:
        1) <nav class="hidden md:flex gap-6 text-sm font-medium">…</nav> aka getByRole('banner').locator('nav')
        2) <nav role="navigation" aria-label="Мобильное меню" class="fixed inset-0 z-40 bg-background flex flex-col items-center justify-center gap-6 text-xl transition-transform duration-300 -translate-x-full">…</nav> aka getByRole('navigation', { name: 'Мобильное меню' })
        3) <nav aria-label="Основная навигация" class="flex flex-col sm:flex-row justify-center gap-6 mt-8">…</nav> aka getByRole('navigation', { name: 'Основная навигация' })

    Call log:
        - checking visibility of locator('nav')


      67 |     // Check if navigation works on mobile
      68 |     const nav = page.locator('nav');
    > 69 |     if (await nav.isVisible()) {
         |                   ^
      70 |       await expect(nav).toBeVisible();
      71 |     }
      72 |   });
        at /Users/morfi/Downloads/be-9f0e9d2065d425c457992d288a64b6eeed63e9bd/tests/e2e/performance.spec.ts:69:19

    attachment #1: screenshot (image/png) ──────────────────────────────────────────────────────────
    ../../test-results/performance-Performance-Da-b213e-uld-be-responsive-on-mobile-chromium/test-failed-1.png
    ────────────────────────────────────────────────────────────────────────────────────────────────

    attachment #2: video (video/webm) ──────────────────────────────────────────────────────────────
    ../../test-results/performance-Performance-Da-b213e-uld-be-responsive-on-mobile-chromium/video.webm
    ────────────────────────────────────────────────────────────────────────────────────────────────

    Error Context: ../../test-results/performance-Performance-Da-b213e-uld-be-responsive-on-mobile-chromium/error-context.md
]]>
</failure>
<system-out>
<![CDATA[
[[ATTACHMENT|performance-Performance-Da-b213e-uld-be-responsive-on-mobile-chromium/test-failed-1.png]]

[[ATTACHMENT|performance-Performance-Da-b213e-uld-be-responsive-on-mobile-chromium/video.webm]]

[[ATTACHMENT|performance-Performance-Da-b213e-uld-be-responsive-on-mobile-chromium/error-context.md]]
]]>
</system-out>
</testcase>
<testcase name="Performance Dashboard › should handle offline scenarios gracefully" classname="performance.spec.ts" time="7.224">
<failure message="performance.spec.ts:74:7 should handle offline scenarios gracefully" type="FAILURE">
<![CDATA[  [chromium] › performance.spec.ts:74:7 › Performance Dashboard › should handle offline scenarios gracefully 

    Error: page.goto: net::ERR_INTERNET_DISCONNECTED at http://localhost:3000/
    Call log:
      - navigating to "http://localhost:3000/", waiting until "networkidle"


      77 |     
      78 |     // Try to navigate
    > 79 |     await page.goto('/', { waitUntil: 'networkidle' });
         |                ^
      80 |     
      81 |     // Should show some content or offline message
      82 |     const body = page.locator('body');
        at /Users/morfi/Downloads/be-9f0e9d2065d425c457992d288a64b6eeed63e9bd/tests/e2e/performance.spec.ts:79:16

    attachment #1: screenshot (image/png) ──────────────────────────────────────────────────────────
    ../../test-results/performance-Performance-Da-88739-ffline-scenarios-gracefully-chromium/test-failed-1.png
    ────────────────────────────────────────────────────────────────────────────────────────────────

    attachment #2: video (video/webm) ──────────────────────────────────────────────────────────────
    ../../test-results/performance-Performance-Da-88739-ffline-scenarios-gracefully-chromium/video.webm
    ────────────────────────────────────────────────────────────────────────────────────────────────
]]>
</failure>
<system-out>
<![CDATA[
[[ATTACHMENT|performance-Performance-Da-88739-ffline-scenarios-gracefully-chromium/test-failed-1.png]]

[[ATTACHMENT|performance-Performance-Da-88739-ffline-scenarios-gracefully-chromium/video.webm]]
]]>
</system-out>
</testcase>
</testsuite>
<testsuite name="api.spec.ts" timestamp="2025-09-21T18:53:34.001Z" hostname="firefox" tests="11" failures="0" skipped="0" time="35.211" errors="0">
<testcase name="API Endpoints › should handle web vitals API correctly" classname="api.spec.ts" time="5.102">
</testcase>
<testcase name="API Endpoints › should validate web vitals data" classname="api.spec.ts" time="5.239">
</testcase>
<testcase name="API Endpoints › should handle CORS correctly" classname="api.spec.ts" time="6.071">
</testcase>
<testcase name="API Endpoints › should rate limit requests" classname="api.spec.ts" time="6.839">
</testcase>
<testcase name="API Endpoints › should handle malformed JSON" classname="api.spec.ts" time="1.505">
</testcase>
<testcase name="API Endpoints › should handle large payloads" classname="api.spec.ts" time="1.529">
</testcase>
<testcase name="API Endpoints › should have proper error responses" classname="api.spec.ts" time="1.928">
</testcase>
<testcase name="API Endpoints › should handle concurrent requests" classname="api.spec.ts" time="1.856">
</testcase>
<testcase name="API Endpoints › should validate content types" classname="api.spec.ts" time="1.278">
</testcase>
<testcase name="API Endpoints › should have security headers" classname="api.spec.ts" time="2.337">
</testcase>
<testcase name="API Endpoints › should handle authentication for protected endpoints" classname="api.spec.ts" time="1.527">
</testcase>
</testsuite>
<testsuite name="auth.spec.ts" timestamp="2025-09-21T18:53:34.001Z" hostname="firefox" tests="8" failures="0" skipped="0" time="70.085" errors="0">
<testcase name="Authentication Flow › should display sign in options" classname="auth.spec.ts" time="4.558">
</testcase>
<testcase name="Authentication Flow › should handle OAuth providers" classname="auth.spec.ts" time="12.859">
</testcase>
<testcase name="Authentication Flow › should handle sign out" classname="auth.spec.ts" time="12.301">
</testcase>
<testcase name="Authentication Flow › should protect authenticated routes" classname="auth.spec.ts" time="19.328">
</testcase>
<testcase name="Authentication Flow › should handle CSRF protection" classname="auth.spec.ts" time="9.452">
</testcase>
<testcase name="Authentication Flow › should have secure session handling" classname="auth.spec.ts" time="3.976">
</testcase>
<testcase name="Authentication Flow › should handle authentication errors gracefully" classname="auth.spec.ts" time="3.745">
</testcase>
<testcase name="Authentication Flow › should validate auth API endpoints" classname="auth.spec.ts" time="3.866">
</testcase>
</testsuite>
<testsuite name="homepage.spec.ts" timestamp="2025-09-21T18:53:34.001Z" hostname="firefox" tests="7" failures="3" skipped="0" time="38.559" errors="0">
<testcase name="Homepage › should display homepage content correctly" classname="homepage.spec.ts" time="8.313">
<failure message="homepage.spec.ts:8:7 should display homepage content correctly" type="FAILURE">
<![CDATA[  [firefox] › homepage.spec.ts:8:7 › Homepage › should display homepage content correctly ──────────

    Error: expect(page).toHaveTitle(expected) failed

    Expected pattern: /BE\.KG/
    Received string:  "Best Electronics"
    Timeout: 5000ms

    Call log:
      - Expect "toHaveTitle" with timeout 5000ms
        8 × unexpected value "Best Electronics"


       8 |   test('should display homepage content correctly', async ({ page }) => {
       9 |     // Check page title
    > 10 |     await expect(page).toHaveTitle(/BE\.KG/);
         |                        ^
      11 |
      12 |     // Check main heading
      13 |     const h1 = page.locator('h1').first();
        at /Users/morfi/Downloads/be-9f0e9d2065d425c457992d288a64b6eeed63e9bd/tests/e2e/homepage.spec.ts:10:24

    attachment #1: screenshot (image/png) ──────────────────────────────────────────────────────────
    ../../test-results/homepage-Homepage-should-display-homepage-content-correctly-firefox/test-failed-1.png
    ────────────────────────────────────────────────────────────────────────────────────────────────

    attachment #2: video (video/webm) ──────────────────────────────────────────────────────────────
    ../../test-results/homepage-Homepage-should-display-homepage-content-correctly-firefox/video.webm
    ────────────────────────────────────────────────────────────────────────────────────────────────

    Error Context: ../../test-results/homepage-Homepage-should-display-homepage-content-correctly-firefox/error-context.md
]]>
</failure>
<system-out>
<![CDATA[
[[ATTACHMENT|homepage-Homepage-should-display-homepage-content-correctly-firefox/test-failed-1.png]]

[[ATTACHMENT|homepage-Homepage-should-display-homepage-content-correctly-firefox/video.webm]]

[[ATTACHMENT|homepage-Homepage-should-display-homepage-content-correctly-firefox/error-context.md]]
]]>
</system-out>
</testcase>
<testcase name="Homepage › should have working navigation" classname="homepage.spec.ts" time="3.89">
<failure message="homepage.spec.ts:21:7 should have working navigation" type="FAILURE">
<![CDATA[  [firefox] › homepage.spec.ts:21:7 › Homepage › should have working navigation ────────────────────

    Error: locator.isVisible: Error: strict mode violation: locator('nav') resolved to 3 elements:
        1) <nav class="hidden md:flex gap-6 text-sm font-medium">…</nav> aka getByRole('banner').getByRole('navigation')
        2) <nav role="navigation" aria-label="Мобильное меню" class="fixed inset-0 z-40 bg-background flex flex-col items-center justify-center gap-6 text-xl transition-transform duration-300 -translate-x-full">…</nav> aka getByRole('navigation', { name: 'Мобильное меню' })
        3) <nav aria-label="Основная навигация" class="flex flex-col sm:flex-row justify-center gap-6 mt-8">…</nav> aka getByRole('navigation', { name: 'Основная навигация' })

    Call log:
        - checking visibility of locator('nav')


      22 |     // Check if navigation exists
      23 |     const nav = page.locator('nav');
    > 24 |     if (await nav.isVisible()) {
         |                   ^
      25 |       // Test navigation links
      26 |       const navLinks = nav.locator('a');
      27 |       const count = await navLinks.count();
        at /Users/morfi/Downloads/be-9f0e9d2065d425c457992d288a64b6eeed63e9bd/tests/e2e/homepage.spec.ts:24:19

    attachment #1: screenshot (image/png) ──────────────────────────────────────────────────────────
    ../../test-results/homepage-Homepage-should-have-working-navigation-firefox/test-failed-1.png
    ────────────────────────────────────────────────────────────────────────────────────────────────

    attachment #2: video (video/webm) ──────────────────────────────────────────────────────────────
    ../../test-results/homepage-Homepage-should-have-working-navigation-firefox/video.webm
    ────────────────────────────────────────────────────────────────────────────────────────────────

    Error Context: ../../test-results/homepage-Homepage-should-have-working-navigation-firefox/error-context.md
]]>
</failure>
<system-out>
<![CDATA[
[[ATTACHMENT|homepage-Homepage-should-have-working-navigation-firefox/test-failed-1.png]]

[[ATTACHMENT|homepage-Homepage-should-have-working-navigation-firefox/video.webm]]

[[ATTACHMENT|homepage-Homepage-should-have-working-navigation-firefox/error-context.md]]
]]>
</system-out>
</testcase>
<testcase name="Homepage › should be accessible" classname="homepage.spec.ts" time="3.813">
</testcase>
<testcase name="Homepage › should handle keyboard navigation" classname="homepage.spec.ts" time="2.62">
</testcase>
<testcase name="Homepage › should load without JavaScript errors" classname="homepage.spec.ts" time="3.709">
</testcase>
<testcase name="Homepage › should have proper meta tags for SEO" classname="homepage.spec.ts" time="6.787">
<failure message="homepage.spec.ts:124:7 should have proper meta tags for SEO" type="FAILURE">
<![CDATA[  [firefox] › homepage.spec.ts:124:7 › Homepage › should have proper meta tags for SEO ─────────────

    Error: expect.toHaveAttribute: Error: strict mode violation: locator('meta[name="viewport"]') resolved to 2 elements:
        1) <meta name="viewport" content="width=device-width, initial-scale=1"/> aka locator('meta[name="viewport"]').first()
        2) <meta name="viewport" content="width=device-width, initial-scale=1, viewport-fit=cover"/> aka locator('meta[name="viewport"]').nth(1)

    Call log:
      - Expect "toHaveAttribute" with timeout 5000ms
      - waiting for locator('meta[name="viewport"]')


      129 |     // Check meta viewport
      130 |     const metaViewport = page.locator('meta[name="viewport"]');
    > 131 |     await expect(metaViewport).toHaveAttribute('content', /width=device-width/);
          |                                ^
      132 |
      133 |     // Check Open Graph tags
      134 |     const ogTitle = page.locator('meta[property="og:title"]');
        at /Users/morfi/Downloads/be-9f0e9d2065d425c457992d288a64b6eeed63e9bd/tests/e2e/homepage.spec.ts:131:32

    attachment #1: screenshot (image/png) ──────────────────────────────────────────────────────────
    ../../test-results/homepage-Homepage-should-have-proper-meta-tags-for-SEO-firefox/test-failed-1.png
    ────────────────────────────────────────────────────────────────────────────────────────────────

    attachment #2: video (video/webm) ──────────────────────────────────────────────────────────────
    ../../test-results/homepage-Homepage-should-have-proper-meta-tags-for-SEO-firefox/video.webm
    ────────────────────────────────────────────────────────────────────────────────────────────────

    Error Context: ../../test-results/homepage-Homepage-should-have-proper-meta-tags-for-SEO-firefox/error-context.md
]]>
</failure>
<system-out>
<![CDATA[
[[ATTACHMENT|homepage-Homepage-should-have-proper-meta-tags-for-SEO-firefox/test-failed-1.png]]

[[ATTACHMENT|homepage-Homepage-should-have-proper-meta-tags-for-SEO-firefox/video.webm]]

[[ATTACHMENT|homepage-Homepage-should-have-proper-meta-tags-for-SEO-firefox/error-context.md]]
]]>
</system-out>
</testcase>
<testcase name="Homepage › should be responsive" classname="homepage.spec.ts" time="9.427">
</testcase>
</testsuite>
<testsuite name="performance.spec.ts" timestamp="2025-09-21T18:53:34.001Z" hostname="firefox" tests="6" failures="3" skipped="0" time="39.654" errors="0">
<testcase name="Performance Dashboard › should load homepage within performance budget" classname="performance.spec.ts" time="3.122">
</testcase>
<testcase name="Performance Dashboard › should display performance dashboard in development" classname="performance.spec.ts" time="11.839">
<failure message="performance.spec.ts:18:7 should display performance dashboard in development" type="FAILURE">
<![CDATA[  [firefox] › performance.spec.ts:18:7 › Performance Dashboard › should display performance dashboard in development 

    Error: expect(locator).toBeVisible() failed

    Locator:  locator('[data-testid="performance-dashboard"]')
    Expected: visible
    Received: <element(s) not found>
    Timeout:  5000ms

    Call log:
      - Expect "toBeVisible" with timeout 5000ms
      - waiting for locator('[data-testid="performance-dashboard"]')


      21 |     
      22 |     if (isDev) {
    > 23 |       await expect(page.locator('[data-testid="performance-dashboard"]')).toBeVisible();
         |                                                                           ^
      24 |     }
      25 |   });
      26 |
        at /Users/morfi/Downloads/be-9f0e9d2065d425c457992d288a64b6eeed63e9bd/tests/e2e/performance.spec.ts:23:75

    attachment #1: screenshot (image/png) ──────────────────────────────────────────────────────────
    ../../test-results/performance-Performance-Da-781c1-ce-dashboard-in-development-firefox/test-failed-1.png
    ────────────────────────────────────────────────────────────────────────────────────────────────

    attachment #2: video (video/webm) ──────────────────────────────────────────────────────────────
    ../../test-results/performance-Performance-Da-781c1-ce-dashboard-in-development-firefox/video.webm
    ────────────────────────────────────────────────────────────────────────────────────────────────

    Error Context: ../../test-results/performance-Performance-Da-781c1-ce-dashboard-in-development-firefox/error-context.md
]]>
</failure>
<system-out>
<![CDATA[
[[ATTACHMENT|performance-Performance-Da-781c1-ce-dashboard-in-development-firefox/test-failed-1.png]]

[[ATTACHMENT|performance-Performance-Da-781c1-ce-dashboard-in-development-firefox/video.webm]]

[[ATTACHMENT|performance-Performance-Da-781c1-ce-dashboard-in-development-firefox/error-context.md]]
]]>
</system-out>
</testcase>
<testcase name="Performance Dashboard › should have good Core Web Vitals" classname="performance.spec.ts" time="7.847">
</testcase>
<testcase name="Performance Dashboard › should have accessible navigation" classname="performance.spec.ts" time="2.486">
</testcase>
<testcase name="Performance Dashboard › should be responsive on mobile" classname="performance.spec.ts" time="3.417">
<failure message="performance.spec.ts:60:7 should be responsive on mobile" type="FAILURE">
<![CDATA[  [firefox] › performance.spec.ts:60:7 › Performance Dashboard › should be responsive on mobile ────

    Error: locator.isVisible: Error: strict mode violation: locator('nav') resolved to 3 elements:
        1) <nav class="hidden md:flex gap-6 text-sm font-medium">…</nav> aka getByRole('banner').locator('nav')
        2) <nav role="navigation" aria-label="Мобильное меню" class="fixed inset-0 z-40 bg-background flex flex-col items-center justify-center gap-6 text-xl transition-transform duration-300 -translate-x-full">…</nav> aka getByRole('navigation', { name: 'Мобильное меню' })
        3) <nav aria-label="Основная навигация" class="flex flex-col sm:flex-row justify-center gap-6 mt-8">…</nav> aka getByRole('navigation', { name: 'Основная навигация' })

    Call log:
        - checking visibility of locator('nav')


      67 |     // Check if navigation works on mobile
      68 |     const nav = page.locator('nav');
    > 69 |     if (await nav.isVisible()) {
         |                   ^
      70 |       await expect(nav).toBeVisible();
      71 |     }
      72 |   });
        at /Users/morfi/Downloads/be-9f0e9d2065d425c457992d288a64b6eeed63e9bd/tests/e2e/performance.spec.ts:69:19

    attachment #1: screenshot (image/png) ──────────────────────────────────────────────────────────
    ../../test-results/performance-Performance-Da-b213e-uld-be-responsive-on-mobile-firefox/test-failed-1.png
    ────────────────────────────────────────────────────────────────────────────────────────────────

    attachment #2: video (video/webm) ──────────────────────────────────────────────────────────────
    ../../test-results/performance-Performance-Da-b213e-uld-be-responsive-on-mobile-firefox/video.webm
    ────────────────────────────────────────────────────────────────────────────────────────────────

    Error Context: ../../test-results/performance-Performance-Da-b213e-uld-be-responsive-on-mobile-firefox/error-context.md
]]>
</failure>
<system-out>
<![CDATA[
[[ATTACHMENT|performance-Performance-Da-b213e-uld-be-responsive-on-mobile-firefox/test-failed-1.png]]

[[ATTACHMENT|performance-Performance-Da-b213e-uld-be-responsive-on-mobile-firefox/video.webm]]

[[ATTACHMENT|performance-Performance-Da-b213e-uld-be-responsive-on-mobile-firefox/error-context.md]]
]]>
</system-out>
</testcase>
<testcase name="Performance Dashboard › should handle offline scenarios gracefully" classname="performance.spec.ts" time="10.943">
<failure message="performance.spec.ts:74:7 should handle offline scenarios gracefully" type="FAILURE">
<![CDATA[  [firefox] › performance.spec.ts:74:7 › Performance Dashboard › should handle offline scenarios gracefully 

    Error: page.goto: NS_ERROR_OFFLINE
    Call log:
      - navigating to "http://localhost:3000/", waiting until "networkidle"


      77 |     
      78 |     // Try to navigate
    > 79 |     await page.goto('/', { waitUntil: 'networkidle' });
         |                ^
      80 |     
      81 |     // Should show some content or offline message
      82 |     const body = page.locator('body');
        at /Users/morfi/Downloads/be-9f0e9d2065d425c457992d288a64b6eeed63e9bd/tests/e2e/performance.spec.ts:79:16

    attachment #1: screenshot (image/png) ──────────────────────────────────────────────────────────
    ../../test-results/performance-Performance-Da-88739-ffline-scenarios-gracefully-firefox/test-failed-1.png
    ────────────────────────────────────────────────────────────────────────────────────────────────

    attachment #2: video (video/webm) ──────────────────────────────────────────────────────────────
    ../../test-results/performance-Performance-Da-88739-ffline-scenarios-gracefully-firefox/video.webm
    ────────────────────────────────────────────────────────────────────────────────────────────────

    Error Context: ../../test-results/performance-Performance-Da-88739-ffline-scenarios-gracefully-firefox/error-context.md
]]>
</failure>
<system-out>
<![CDATA[
[[ATTACHMENT|performance-Performance-Da-88739-ffline-scenarios-gracefully-firefox/test-failed-1.png]]

[[ATTACHMENT|performance-Performance-Da-88739-ffline-scenarios-gracefully-firefox/video.webm]]

[[ATTACHMENT|performance-Performance-Da-88739-ffline-scenarios-gracefully-firefox/error-context.md]]
]]>
</system-out>
</testcase>
</testsuite>
<testsuite name="api.spec.ts" timestamp="2025-09-21T18:53:34.001Z" hostname="webkit" tests="11" failures="0" skipped="0" time="13.431" errors="0">
<testcase name="API Endpoints › should handle web vitals API correctly" classname="api.spec.ts" time="1.313">
</testcase>
<testcase name="API Endpoints › should validate web vitals data" classname="api.spec.ts" time="1.166">
</testcase>
<testcase name="API Endpoints › should handle CORS correctly" classname="api.spec.ts" time="0.977">
</testcase>
<testcase name="API Endpoints › should rate limit requests" classname="api.spec.ts" time="1.25">
</testcase>
<testcase name="API Endpoints › should handle malformed JSON" classname="api.spec.ts" time="1.244">
</testcase>
<testcase name="API Endpoints › should handle large payloads" classname="api.spec.ts" time="1.163">
</testcase>
<testcase name="API Endpoints › should have proper error responses" classname="api.spec.ts" time="1.028">
</testcase>
<testcase name="API Endpoints › should handle concurrent requests" classname="api.spec.ts" time="1.326">
</testcase>
<testcase name="API Endpoints › should validate content types" classname="api.spec.ts" time="1.527">
</testcase>
<testcase name="API Endpoints › should have security headers" classname="api.spec.ts" time="1.395">
</testcase>
<testcase name="API Endpoints › should handle authentication for protected endpoints" classname="api.spec.ts" time="1.042">
</testcase>
</testsuite>
<testsuite name="auth.spec.ts" timestamp="2025-09-21T18:53:34.001Z" hostname="webkit" tests="8" failures="0" skipped="0" time="75.967" errors="0">
<testcase name="Authentication Flow › should display sign in options" classname="auth.spec.ts" time="7.044">
</testcase>
<testcase name="Authentication Flow › should handle OAuth providers" classname="auth.spec.ts" time="7.021">
</testcase>
<testcase name="Authentication Flow › should handle sign out" classname="auth.spec.ts" time="6.287">
</testcase>
<testcase name="Authentication Flow › should protect authenticated routes" classname="auth.spec.ts" time="24.654">
</testcase>
<testcase name="Authentication Flow › should handle CSRF protection" classname="auth.spec.ts" time="6.377">
</testcase>
<testcase name="Authentication Flow › should have secure session handling" classname="auth.spec.ts" time="6.455">
</testcase>
<testcase name="Authentication Flow › should handle authentication errors gracefully" classname="auth.spec.ts" time="8.226">
</testcase>
<testcase name="Authentication Flow › should validate auth API endpoints" classname="auth.spec.ts" time="9.903">
</testcase>
</testsuite>
<testsuite name="homepage.spec.ts" timestamp="2025-09-21T18:53:34.001Z" hostname="webkit" tests="7" failures="5" skipped="0" time="83.702" errors="0">
<testcase name="Homepage › should display homepage content correctly" classname="homepage.spec.ts" time="16.591">
<failure message="homepage.spec.ts:8:7 should display homepage content correctly" type="FAILURE">
<![CDATA[  [webkit] › homepage.spec.ts:8:7 › Homepage › should display homepage content correctly ───────────

    Error: expect(page).toHaveTitle(expected) failed

    Expected pattern: /BE\.KG/
    Received string:  "Best Electronics"
    Timeout: 5000ms

    Call log:
      - Expect "toHaveTitle" with timeout 5000ms
        8 × unexpected value "Best Electronics"


       8 |   test('should display homepage content correctly', async ({ page }) => {
       9 |     // Check page title
    > 10 |     await expect(page).toHaveTitle(/BE\.KG/);
         |                        ^
      11 |
      12 |     // Check main heading
      13 |     const h1 = page.locator('h1').first();
        at /Users/morfi/Downloads/be-9f0e9d2065d425c457992d288a64b6eeed63e9bd/tests/e2e/homepage.spec.ts:10:24

    attachment #1: screenshot (image/png) ──────────────────────────────────────────────────────────
    ../../test-results/homepage-Homepage-should-display-homepage-content-correctly-webkit/test-failed-1.png
    ────────────────────────────────────────────────────────────────────────────────────────────────

    attachment #2: video (video/webm) ──────────────────────────────────────────────────────────────
    ../../test-results/homepage-Homepage-should-display-homepage-content-correctly-webkit/video.webm
    ────────────────────────────────────────────────────────────────────────────────────────────────

    Error Context: ../../test-results/homepage-Homepage-should-display-homepage-content-correctly-webkit/error-context.md
]]>
</failure>
<system-out>
<![CDATA[
[[ATTACHMENT|homepage-Homepage-should-display-homepage-content-correctly-webkit/test-failed-1.png]]

[[ATTACHMENT|homepage-Homepage-should-display-homepage-content-correctly-webkit/video.webm]]

[[ATTACHMENT|homepage-Homepage-should-display-homepage-content-correctly-webkit/error-context.md]]
]]>
</system-out>
</testcase>
<testcase name="Homepage › should have working navigation" classname="homepage.spec.ts" time="10.702">
<failure message="homepage.spec.ts:21:7 should have working navigation" type="FAILURE">
<![CDATA[  [webkit] › homepage.spec.ts:21:7 › Homepage › should have working navigation ─────────────────────

    Error: locator.isVisible: Error: strict mode violation: locator('nav') resolved to 3 elements:
        1) <nav class="hidden md:flex gap-6 text-sm font-medium">…</nav> aka getByRole('banner').getByRole('navigation')
        2) <nav role="navigation" aria-label="Мобильное меню" class="fixed inset-0 z-40 bg-background flex flex-col items-center justify-center gap-6 text-xl transition-transform duration-300 -translate-x-full">…</nav> aka getByRole('navigation', { name: 'Мобильное меню' })
        3) <nav aria-label="Основная навигация" class="flex flex-col sm:flex-row justify-center gap-6 mt-8">…</nav> aka getByRole('navigation', { name: 'Основная навигация' })

    Call log:
        - checking visibility of locator('nav')


      22 |     // Check if navigation exists
      23 |     const nav = page.locator('nav');
    > 24 |     if (await nav.isVisible()) {
         |                   ^
      25 |       // Test navigation links
      26 |       const navLinks = nav.locator('a');
      27 |       const count = await navLinks.count();
        at /Users/morfi/Downloads/be-9f0e9d2065d425c457992d288a64b6eeed63e9bd/tests/e2e/homepage.spec.ts:24:19

    attachment #1: screenshot (image/png) ──────────────────────────────────────────────────────────
    ../../test-results/homepage-Homepage-should-have-working-navigation-webkit/test-failed-1.png
    ────────────────────────────────────────────────────────────────────────────────────────────────

    attachment #2: video (video/webm) ──────────────────────────────────────────────────────────────
    ../../test-results/homepage-Homepage-should-have-working-navigation-webkit/video.webm
    ────────────────────────────────────────────────────────────────────────────────────────────────

    Error Context: ../../test-results/homepage-Homepage-should-have-working-navigation-webkit/error-context.md
]]>
</failure>
<system-out>
<![CDATA[
[[ATTACHMENT|homepage-Homepage-should-have-working-navigation-webkit/test-failed-1.png]]

[[ATTACHMENT|homepage-Homepage-should-have-working-navigation-webkit/video.webm]]

[[ATTACHMENT|homepage-Homepage-should-have-working-navigation-webkit/error-context.md]]
]]>
</system-out>
</testcase>
<testcase name="Homepage › should be accessible" classname="homepage.spec.ts" time="16.184">
</testcase>
<testcase name="Homepage › should handle keyboard navigation" classname="homepage.spec.ts" time="14.599">
<failure message="homepage.spec.ts:77:7 should handle keyboard navigation" type="FAILURE">
<![CDATA[  [webkit] › homepage.spec.ts:77:7 › Homepage › should handle keyboard navigation ──────────────────

    Error: expect(locator).toBeVisible() failed

    Locator:  locator(':focus')
    Expected: visible
    Received: <element(s) not found>
    Timeout:  5000ms

    Call log:
      - Expect "toBeVisible" with timeout 5000ms
      - waiting for locator(':focus')


      81 |     // Check if focus is visible
      82 |     const focusedElement = page.locator(':focus');
    > 83 |     await expect(focusedElement).toBeVisible();
         |                                  ^
      84 |
      85 |     // Test skip links if they exist
      86 |     const skipLink = page.locator('a[href="#main"], a[href="#content"]');
        at /Users/morfi/Downloads/be-9f0e9d2065d425c457992d288a64b6eeed63e9bd/tests/e2e/homepage.spec.ts:83:34

    attachment #1: screenshot (image/png) ──────────────────────────────────────────────────────────
    ../../test-results/homepage-Homepage-should-handle-keyboard-navigation-webkit/test-failed-1.png
    ────────────────────────────────────────────────────────────────────────────────────────────────

    attachment #2: video (video/webm) ──────────────────────────────────────────────────────────────
    ../../test-results/homepage-Homepage-should-handle-keyboard-navigation-webkit/video.webm
    ────────────────────────────────────────────────────────────────────────────────────────────────

    Error Context: ../../test-results/homepage-Homepage-should-handle-keyboard-navigation-webkit/error-context.md
]]>
</failure>
<system-out>
<![CDATA[
[[ATTACHMENT|homepage-Homepage-should-handle-keyboard-navigation-webkit/test-failed-1.png]]

[[ATTACHMENT|homepage-Homepage-should-handle-keyboard-navigation-webkit/video.webm]]

[[ATTACHMENT|homepage-Homepage-should-handle-keyboard-navigation-webkit/error-context.md]]
]]>
</system-out>
</testcase>
<testcase name="Homepage › should load without JavaScript errors" classname="homepage.spec.ts" time="6.54">
<failure message="homepage.spec.ts:98:7 should load without JavaScript errors" type="FAILURE">
<![CDATA[  [webkit] › homepage.spec.ts:98:7 › Homepage › should load without JavaScript errors ──────────────

    Error: expect(received).toHaveLength(expected)

    Expected length: 0
    Received length: 2
    Received array:  ["Failed to preconnect to https://fonts.googleapis.com/. Error: Could not connect to the server.", "Failed to preconnect to https://fonts.gstatic.com/. Error: Could not connect to the server."]

      119 |     );
      120 |
    > 121 |     expect(criticalErrors).toHaveLength(0);
          |                            ^
      122 |   });
      123 |
      124 |   test('should have proper meta tags for SEO', async ({ page }) => {
        at /Users/morfi/Downloads/be-9f0e9d2065d425c457992d288a64b6eeed63e9bd/tests/e2e/homepage.spec.ts:121:28

    attachment #1: screenshot (image/png) ──────────────────────────────────────────────────────────
    ../../test-results/homepage-Homepage-should-load-without-JavaScript-errors-webkit/test-failed-1.png
    ────────────────────────────────────────────────────────────────────────────────────────────────

    attachment #2: video (video/webm) ──────────────────────────────────────────────────────────────
    ../../test-results/homepage-Homepage-should-load-without-JavaScript-errors-webkit/video.webm
    ────────────────────────────────────────────────────────────────────────────────────────────────

    Error Context: ../../test-results/homepage-Homepage-should-load-without-JavaScript-errors-webkit/error-context.md
]]>
</failure>
<system-out>
<![CDATA[
[[ATTACHMENT|homepage-Homepage-should-load-without-JavaScript-errors-webkit/test-failed-1.png]]

[[ATTACHMENT|homepage-Homepage-should-load-without-JavaScript-errors-webkit/video.webm]]

[[ATTACHMENT|homepage-Homepage-should-load-without-JavaScript-errors-webkit/error-context.md]]
]]>
</system-out>
</testcase>
<testcase name="Homepage › should have proper meta tags for SEO" classname="homepage.spec.ts" time="4.279">
<failure message="homepage.spec.ts:124:7 should have proper meta tags for SEO" type="FAILURE">
<![CDATA[  [webkit] › homepage.spec.ts:124:7 › Homepage › should have proper meta tags for SEO ──────────────

    Error: expect.toHaveAttribute: Error: strict mode violation: locator('meta[name="viewport"]') resolved to 2 elements:
        1) <meta name="viewport" content="width=device-width, initial-scale=1"/> aka locator('meta[name="viewport"]').first()
        2) <meta name="viewport" content="width=device-width, initial-scale=1, viewport-fit=cover"/> aka locator('meta[name="viewport"]').nth(1)

    Call log:
      - Expect "toHaveAttribute" with timeout 5000ms
      - waiting for locator('meta[name="viewport"]')


      129 |     // Check meta viewport
      130 |     const metaViewport = page.locator('meta[name="viewport"]');
    > 131 |     await expect(metaViewport).toHaveAttribute('content', /width=device-width/);
          |                                ^
      132 |
      133 |     // Check Open Graph tags
      134 |     const ogTitle = page.locator('meta[property="og:title"]');
        at /Users/morfi/Downloads/be-9f0e9d2065d425c457992d288a64b6eeed63e9bd/tests/e2e/homepage.spec.ts:131:32

    attachment #1: screenshot (image/png) ──────────────────────────────────────────────────────────
    ../../test-results/homepage-Homepage-should-have-proper-meta-tags-for-SEO-webkit/test-failed-1.png
    ────────────────────────────────────────────────────────────────────────────────────────────────

    attachment #2: video (video/webm) ──────────────────────────────────────────────────────────────
    ../../test-results/homepage-Homepage-should-have-proper-meta-tags-for-SEO-webkit/video.webm
    ────────────────────────────────────────────────────────────────────────────────────────────────

    Error Context: ../../test-results/homepage-Homepage-should-have-proper-meta-tags-for-SEO-webkit/error-context.md
]]>
</failure>
<system-out>
<![CDATA[
[[ATTACHMENT|homepage-Homepage-should-have-proper-meta-tags-for-SEO-webkit/test-failed-1.png]]

[[ATTACHMENT|homepage-Homepage-should-have-proper-meta-tags-for-SEO-webkit/video.webm]]

[[ATTACHMENT|homepage-Homepage-should-have-proper-meta-tags-for-SEO-webkit/error-context.md]]
]]>
</system-out>
</testcase>
<testcase name="Homepage › should be responsive" classname="homepage.spec.ts" time="14.807">
</testcase>
</testsuite>
<testsuite name="performance.spec.ts" timestamp="2025-09-21T18:53:34.001Z" hostname="webkit" tests="6" failures="4" skipped="0" time="47.907" errors="0">
<testcase name="Performance Dashboard › should load homepage within performance budget" classname="performance.spec.ts" time="6.173">
</testcase>
<testcase name="Performance Dashboard › should display performance dashboard in development" classname="performance.spec.ts" time="11.681">
<failure message="performance.spec.ts:18:7 should display performance dashboard in development" type="FAILURE">
<![CDATA[  [webkit] › performance.spec.ts:18:7 › Performance Dashboard › should display performance dashboard in development 

    Error: expect(locator).toBeVisible() failed

    Locator:  locator('[data-testid="performance-dashboard"]')
    Expected: visible
    Received: <element(s) not found>
    Timeout:  5000ms

    Call log:
      - Expect "toBeVisible" with timeout 5000ms
      - waiting for locator('[data-testid="performance-dashboard"]')


      21 |     
      22 |     if (isDev) {
    > 23 |       await expect(page.locator('[data-testid="performance-dashboard"]')).toBeVisible();
         |                                                                           ^
      24 |     }
      25 |   });
      26 |
        at /Users/morfi/Downloads/be-9f0e9d2065d425c457992d288a64b6eeed63e9bd/tests/e2e/performance.spec.ts:23:75

    attachment #1: screenshot (image/png) ──────────────────────────────────────────────────────────
    ../../test-results/performance-Performance-Da-781c1-ce-dashboard-in-development-webkit/test-failed-1.png
    ────────────────────────────────────────────────────────────────────────────────────────────────

    attachment #2: video (video/webm) ──────────────────────────────────────────────────────────────
    ../../test-results/performance-Performance-Da-781c1-ce-dashboard-in-development-webkit/video.webm
    ────────────────────────────────────────────────────────────────────────────────────────────────

    Error Context: ../../test-results/performance-Performance-Da-781c1-ce-dashboard-in-development-webkit/error-context.md
]]>
</failure>
<system-out>
<![CDATA[
[[ATTACHMENT|performance-Performance-Da-781c1-ce-dashboard-in-development-webkit/test-failed-1.png]]

[[ATTACHMENT|performance-Performance-Da-781c1-ce-dashboard-in-development-webkit/video.webm]]

[[ATTACHMENT|performance-Performance-Da-781c1-ce-dashboard-in-development-webkit/error-context.md]]
]]>
</system-out>
</testcase>
<testcase name="Performance Dashboard › should have good Core Web Vitals" classname="performance.spec.ts" time="10.727">
</testcase>
<testcase name="Performance Dashboard › should have accessible navigation" classname="performance.spec.ts" time="11.789">
<failure message="performance.spec.ts:49:7 should have accessible navigation" type="FAILURE">
<![CDATA[  [webkit] › performance.spec.ts:49:7 › Performance Dashboard › should have accessible navigation ──

    Error: expect(locator).toBeVisible() failed

    Locator:  locator(':focus')
    Expected: visible
    Received: <element(s) not found>
    Timeout:  5000ms

    Call log:
      - Expect "toBeVisible" with timeout 5000ms
      - waiting for locator(':focus')


      55 |     await page.keyboard.press('Tab');
      56 |     const focusedElement = page.locator(':focus');
    > 57 |     await expect(focusedElement).toBeVisible();
         |                                  ^
      58 |   });
      59 |
      60 |   test('should be responsive on mobile', async ({ page }) => {
        at /Users/morfi/Downloads/be-9f0e9d2065d425c457992d288a64b6eeed63e9bd/tests/e2e/performance.spec.ts:57:34

    attachment #1: screenshot (image/png) ──────────────────────────────────────────────────────────
    ../../test-results/performance-Performance-Da-02607--have-accessible-navigation-webkit/test-failed-1.png
    ────────────────────────────────────────────────────────────────────────────────────────────────

    attachment #2: video (video/webm) ──────────────────────────────────────────────────────────────
    ../../test-results/performance-Performance-Da-02607--have-accessible-navigation-webkit/video.webm
    ────────────────────────────────────────────────────────────────────────────────────────────────

    Error Context: ../../test-results/performance-Performance-Da-02607--have-accessible-navigation-webkit/error-context.md
]]>
</failure>
<system-out>
<![CDATA[
[[ATTACHMENT|performance-Performance-Da-02607--have-accessible-navigation-webkit/test-failed-1.png]]

[[ATTACHMENT|performance-Performance-Da-02607--have-accessible-navigation-webkit/video.webm]]

[[ATTACHMENT|performance-Performance-Da-02607--have-accessible-navigation-webkit/error-context.md]]
]]>
</system-out>
</testcase>
<testcase name="Performance Dashboard › should be responsive on mobile" classname="performance.spec.ts" time="3.094">
<failure message="performance.spec.ts:60:7 should be responsive on mobile" type="FAILURE">
<![CDATA[  [webkit] › performance.spec.ts:60:7 › Performance Dashboard › should be responsive on mobile ─────

    Error: locator.isVisible: Error: strict mode violation: locator('nav') resolved to 3 elements:
        1) <nav class="hidden md:flex gap-6 text-sm font-medium">…</nav> aka getByRole('banner').locator('nav')
        2) <nav role="navigation" aria-label="Мобильное меню" class="fixed inset-0 z-40 bg-background flex flex-col items-center justify-center gap-6 text-xl transition-transform duration-300 -translate-x-full">…</nav> aka getByRole('navigation', { name: 'Мобильное меню' })
        3) <nav aria-label="Основная навигация" class="flex flex-col sm:flex-row justify-center gap-6 mt-8">…</nav> aka getByRole('navigation', { name: 'Основная навигация' })

    Call log:
        - checking visibility of locator('nav')


      67 |     // Check if navigation works on mobile
      68 |     const nav = page.locator('nav');
    > 69 |     if (await nav.isVisible()) {
         |                   ^
      70 |       await expect(nav).toBeVisible();
      71 |     }
      72 |   });
        at /Users/morfi/Downloads/be-9f0e9d2065d425c457992d288a64b6eeed63e9bd/tests/e2e/performance.spec.ts:69:19

    attachment #1: screenshot (image/png) ──────────────────────────────────────────────────────────
    ../../test-results/performance-Performance-Da-b213e-uld-be-responsive-on-mobile-webkit/test-failed-1.png
    ────────────────────────────────────────────────────────────────────────────────────────────────

    attachment #2: video (video/webm) ──────────────────────────────────────────────────────────────
    ../../test-results/performance-Performance-Da-b213e-uld-be-responsive-on-mobile-webkit/video.webm
    ────────────────────────────────────────────────────────────────────────────────────────────────

    Error Context: ../../test-results/performance-Performance-Da-b213e-uld-be-responsive-on-mobile-webkit/error-context.md
]]>
</failure>
<system-out>
<![CDATA[
[[ATTACHMENT|performance-Performance-Da-b213e-uld-be-responsive-on-mobile-webkit/test-failed-1.png]]

[[ATTACHMENT|performance-Performance-Da-b213e-uld-be-responsive-on-mobile-webkit/video.webm]]

[[ATTACHMENT|performance-Performance-Da-b213e-uld-be-responsive-on-mobile-webkit/error-context.md]]
]]>
</system-out>
</testcase>
<testcase name="Performance Dashboard › should handle offline scenarios gracefully" classname="performance.spec.ts" time="4.443">
<failure message="performance.spec.ts:74:7 should handle offline scenarios gracefully" type="FAILURE">
<![CDATA[  [webkit] › performance.spec.ts:74:7 › Performance Dashboard › should handle offline scenarios gracefully 

    Error: page.goto: WebKit encountered an internal error
    Call log:
      - navigating to "http://localhost:3000/", waiting until "networkidle"


      77 |     
      78 |     // Try to navigate
    > 79 |     await page.goto('/', { waitUntil: 'networkidle' });
         |                ^
      80 |     
      81 |     // Should show some content or offline message
      82 |     const body = page.locator('body');
        at /Users/morfi/Downloads/be-9f0e9d2065d425c457992d288a64b6eeed63e9bd/tests/e2e/performance.spec.ts:79:16

    attachment #1: screenshot (image/png) ──────────────────────────────────────────────────────────
    ../../test-results/performance-Performance-Da-88739-ffline-scenarios-gracefully-webkit/test-failed-1.png
    ────────────────────────────────────────────────────────────────────────────────────────────────

    attachment #2: video (video/webm) ──────────────────────────────────────────────────────────────
    ../../test-results/performance-Performance-Da-88739-ffline-scenarios-gracefully-webkit/video.webm
    ────────────────────────────────────────────────────────────────────────────────────────────────

    Error Context: ../../test-results/performance-Performance-Da-88739-ffline-scenarios-gracefully-webkit/error-context.md
]]>
</failure>
<system-out>
<![CDATA[
[[ATTACHMENT|performance-Performance-Da-88739-ffline-scenarios-gracefully-webkit/test-failed-1.png]]

[[ATTACHMENT|performance-Performance-Da-88739-ffline-scenarios-gracefully-webkit/video.webm]]

[[ATTACHMENT|performance-Performance-Da-88739-ffline-scenarios-gracefully-webkit/error-context.md]]
]]>
</system-out>
</testcase>
</testsuite>
<testsuite name="api.spec.ts" timestamp="2025-09-21T18:53:34.001Z" hostname="Mobile Chrome" tests="11" failures="0" skipped="0" time="5.443" errors="0">
<testcase name="API Endpoints › should handle web vitals API correctly" classname="api.spec.ts" time="0.617">
</testcase>
<testcase name="API Endpoints › should validate web vitals data" classname="api.spec.ts" time="0.64">
</testcase>
<testcase name="API Endpoints › should handle CORS correctly" classname="api.spec.ts" time="0.39">
</testcase>
<testcase name="API Endpoints › should rate limit requests" classname="api.spec.ts" time="0.84">
</testcase>
<testcase name="API Endpoints › should handle malformed JSON" classname="api.spec.ts" time="0.377">
</testcase>
<testcase name="API Endpoints › should handle large payloads" classname="api.spec.ts" time="0.343">
</testcase>
<testcase name="API Endpoints › should have proper error responses" classname="api.spec.ts" time="0.378">
</testcase>
<testcase name="API Endpoints › should handle concurrent requests" classname="api.spec.ts" time="0.361">
</testcase>
<testcase name="API Endpoints › should validate content types" classname="api.spec.ts" time="0.356">
</testcase>
<testcase name="API Endpoints › should have security headers" classname="api.spec.ts" time="0.757">
</testcase>
<testcase name="API Endpoints › should handle authentication for protected endpoints" classname="api.spec.ts" time="0.384">
</testcase>
</testsuite>
<testsuite name="auth.spec.ts" timestamp="2025-09-21T18:53:34.001Z" hostname="Mobile Chrome" tests="8" failures="0" skipped="0" time="34.931" errors="0">
<testcase name="Authentication Flow › should display sign in options" classname="auth.spec.ts" time="2.356">
</testcase>
<testcase name="Authentication Flow › should handle OAuth providers" classname="auth.spec.ts" time="3.128">
</testcase>
<testcase name="Authentication Flow › should handle sign out" classname="auth.spec.ts" time="3.544">
</testcase>
<testcase name="Authentication Flow › should protect authenticated routes" classname="auth.spec.ts" time="10.773">
</testcase>
<testcase name="Authentication Flow › should handle CSRF protection" classname="auth.spec.ts" time="3.738">
</testcase>
<testcase name="Authentication Flow › should have secure session handling" classname="auth.spec.ts" time="4.05">
</testcase>
<testcase name="Authentication Flow › should handle authentication errors gracefully" classname="auth.spec.ts" time="4.714">
</testcase>
<testcase name="Authentication Flow › should validate auth API endpoints" classname="auth.spec.ts" time="2.628">
</testcase>
</testsuite>
<testsuite name="homepage.spec.ts" timestamp="2025-09-21T18:53:34.001Z" hostname="Mobile Chrome" tests="7" failures="3" skipped="0" time="29.953" errors="0">
<testcase name="Homepage › should display homepage content correctly" classname="homepage.spec.ts" time="8.289">
<failure message="homepage.spec.ts:8:7 should display homepage content correctly" type="FAILURE">
<![CDATA[  [Mobile Chrome] › homepage.spec.ts:8:7 › Homepage › should display homepage content correctly ────

    Error: expect(page).toHaveTitle(expected) failed

    Expected pattern: /BE\.KG/
    Received string:  "Best Electronics"
    Timeout: 5000ms

    Call log:
      - Expect "toHaveTitle" with timeout 5000ms
        8 × unexpected value "Best Electronics"


       8 |   test('should display homepage content correctly', async ({ page }) => {
       9 |     // Check page title
    > 10 |     await expect(page).toHaveTitle(/BE\.KG/);
         |                        ^
      11 |
      12 |     // Check main heading
      13 |     const h1 = page.locator('h1').first();
        at /Users/morfi/Downloads/be-9f0e9d2065d425c457992d288a64b6eeed63e9bd/tests/e2e/homepage.spec.ts:10:24

    attachment #1: screenshot (image/png) ──────────────────────────────────────────────────────────
    ../../test-results/homepage-Homepage-should-display-homepage-content-correctly-Mobile-Chrome/test-failed-1.png
    ────────────────────────────────────────────────────────────────────────────────────────────────

    attachment #2: video (video/webm) ──────────────────────────────────────────────────────────────
    ../../test-results/homepage-Homepage-should-display-homepage-content-correctly-Mobile-Chrome/video.webm
    ────────────────────────────────────────────────────────────────────────────────────────────────

    Error Context: ../../test-results/homepage-Homepage-should-display-homepage-content-correctly-Mobile-Chrome/error-context.md
]]>
</failure>
<system-out>
<![CDATA[
[[ATTACHMENT|homepage-Homepage-should-display-homepage-content-correctly-Mobile-Chrome/test-failed-1.png]]

[[ATTACHMENT|homepage-Homepage-should-display-homepage-content-correctly-Mobile-Chrome/video.webm]]

[[ATTACHMENT|homepage-Homepage-should-display-homepage-content-correctly-Mobile-Chrome/error-context.md]]
]]>
</system-out>
</testcase>
<testcase name="Homepage › should have working navigation" classname="homepage.spec.ts" time="2.468">
<failure message="homepage.spec.ts:21:7 should have working navigation" type="FAILURE">
<![CDATA[  [Mobile Chrome] › homepage.spec.ts:21:7 › Homepage › should have working navigation ──────────────

    Error: locator.isVisible: Error: strict mode violation: locator('nav') resolved to 3 elements:
        1) <nav class="hidden md:flex gap-6 text-sm font-medium">…</nav> aka getByRole('banner').locator('nav')
        2) <nav role="navigation" aria-label="Мобильное меню" class="fixed inset-0 z-40 bg-background flex flex-col items-center justify-center gap-6 text-xl transition-transform duration-300 -translate-x-full">…</nav> aka getByRole('navigation', { name: 'Мобильное меню' })
        3) <nav aria-label="Основная навигация" class="flex flex-col sm:flex-row justify-center gap-6 mt-8">…</nav> aka getByRole('navigation', { name: 'Основная навигация' })

    Call log:
        - checking visibility of locator('nav')


      22 |     // Check if navigation exists
      23 |     const nav = page.locator('nav');
    > 24 |     if (await nav.isVisible()) {
         |                   ^
      25 |       // Test navigation links
      26 |       const navLinks = nav.locator('a');
      27 |       const count = await navLinks.count();
        at /Users/morfi/Downloads/be-9f0e9d2065d425c457992d288a64b6eeed63e9bd/tests/e2e/homepage.spec.ts:24:19

    attachment #1: screenshot (image/png) ──────────────────────────────────────────────────────────
    ../../test-results/homepage-Homepage-should-have-working-navigation-Mobile-Chrome/test-failed-1.png
    ────────────────────────────────────────────────────────────────────────────────────────────────

    attachment #2: video (video/webm) ──────────────────────────────────────────────────────────────
    ../../test-results/homepage-Homepage-should-have-working-navigation-Mobile-Chrome/video.webm
    ────────────────────────────────────────────────────────────────────────────────────────────────

    Error Context: ../../test-results/homepage-Homepage-should-have-working-navigation-Mobile-Chrome/error-context.md
]]>
</failure>
<system-out>
<![CDATA[
[[ATTACHMENT|homepage-Homepage-should-have-working-navigation-Mobile-Chrome/test-failed-1.png]]

[[ATTACHMENT|homepage-Homepage-should-have-working-navigation-Mobile-Chrome/video.webm]]

[[ATTACHMENT|homepage-Homepage-should-have-working-navigation-Mobile-Chrome/error-context.md]]
]]>
</system-out>
</testcase>
<testcase name="Homepage › should be accessible" classname="homepage.spec.ts" time="2.862">
</testcase>
<testcase name="Homepage › should handle keyboard navigation" classname="homepage.spec.ts" time="2.688">
</testcase>
<testcase name="Homepage › should load without JavaScript errors" classname="homepage.spec.ts" time="2.91">
</testcase>
<testcase name="Homepage › should have proper meta tags for SEO" classname="homepage.spec.ts" time="2.26">
<failure message="homepage.spec.ts:124:7 should have proper meta tags for SEO" type="FAILURE">
<![CDATA[  [Mobile Chrome] › homepage.spec.ts:124:7 › Homepage › should have proper meta tags for SEO ───────

    Error: expect.toHaveAttribute: Error: strict mode violation: locator('meta[name="viewport"]') resolved to 2 elements:
        1) <meta name="viewport" content="width=device-width, initial-scale=1"/> aka locator('meta[name="viewport"]').first()
        2) <meta name="viewport" content="width=device-width, initial-scale=1, viewport-fit=cover"/> aka locator('meta[name="viewport"]').nth(1)

    Call log:
      - Expect "toHaveAttribute" with timeout 5000ms
      - waiting for locator('meta[name="viewport"]')


      129 |     // Check meta viewport
      130 |     const metaViewport = page.locator('meta[name="viewport"]');
    > 131 |     await expect(metaViewport).toHaveAttribute('content', /width=device-width/);
          |                                ^
      132 |
      133 |     // Check Open Graph tags
      134 |     const ogTitle = page.locator('meta[property="og:title"]');
        at /Users/morfi/Downloads/be-9f0e9d2065d425c457992d288a64b6eeed63e9bd/tests/e2e/homepage.spec.ts:131:32

    attachment #1: screenshot (image/png) ──────────────────────────────────────────────────────────
    ../../test-results/homepage-Homepage-should-have-proper-meta-tags-for-SEO-Mobile-Chrome/test-failed-1.png
    ────────────────────────────────────────────────────────────────────────────────────────────────

    attachment #2: video (video/webm) ──────────────────────────────────────────────────────────────
    ../../test-results/homepage-Homepage-should-have-proper-meta-tags-for-SEO-Mobile-Chrome/video.webm
    ────────────────────────────────────────────────────────────────────────────────────────────────

    Error Context: ../../test-results/homepage-Homepage-should-have-proper-meta-tags-for-SEO-Mobile-Chrome/error-context.md
]]>
</failure>
<system-out>
<![CDATA[
[[ATTACHMENT|homepage-Homepage-should-have-proper-meta-tags-for-SEO-Mobile-Chrome/test-failed-1.png]]

[[ATTACHMENT|homepage-Homepage-should-have-proper-meta-tags-for-SEO-Mobile-Chrome/video.webm]]

[[ATTACHMENT|homepage-Homepage-should-have-proper-meta-tags-for-SEO-Mobile-Chrome/error-context.md]]
]]>
</system-out>
</testcase>
<testcase name="Homepage › should be responsive" classname="homepage.spec.ts" time="8.476">
</testcase>
</testsuite>
<testsuite name="performance.spec.ts" timestamp="2025-09-21T18:53:34.001Z" hostname="Mobile Chrome" tests="6" failures="3" skipped="0" time="24.613" errors="0">
<testcase name="Performance Dashboard › should load homepage within performance budget" classname="performance.spec.ts" time="2.289">
</testcase>
<testcase name="Performance Dashboard › should display performance dashboard in development" classname="performance.spec.ts" time="7.622">
<failure message="performance.spec.ts:18:7 should display performance dashboard in development" type="FAILURE">
<![CDATA[  [Mobile Chrome] › performance.spec.ts:18:7 › Performance Dashboard › should display performance dashboard in development 

    Error: expect(locator).toBeVisible() failed

    Locator:  locator('[data-testid="performance-dashboard"]')
    Expected: visible
    Received: <element(s) not found>
    Timeout:  5000ms

    Call log:
      - Expect "toBeVisible" with timeout 5000ms
      - waiting for locator('[data-testid="performance-dashboard"]')


      21 |     
      22 |     if (isDev) {
    > 23 |       await expect(page.locator('[data-testid="performance-dashboard"]')).toBeVisible();
         |                                                                           ^
      24 |     }
      25 |   });
      26 |
        at /Users/morfi/Downloads/be-9f0e9d2065d425c457992d288a64b6eeed63e9bd/tests/e2e/performance.spec.ts:23:75

    attachment #1: screenshot (image/png) ──────────────────────────────────────────────────────────
    ../../test-results/performance-Performance-Da-781c1-ce-dashboard-in-development-Mobile-Chrome/test-failed-1.png
    ────────────────────────────────────────────────────────────────────────────────────────────────

    attachment #2: video (video/webm) ──────────────────────────────────────────────────────────────
    ../../test-results/performance-Performance-Da-781c1-ce-dashboard-in-development-Mobile-Chrome/video.webm
    ────────────────────────────────────────────────────────────────────────────────────────────────

    Error Context: ../../test-results/performance-Performance-Da-781c1-ce-dashboard-in-development-Mobile-Chrome/error-context.md
]]>
</failure>
<system-out>
<![CDATA[
[[ATTACHMENT|performance-Performance-Da-781c1-ce-dashboard-in-development-Mobile-Chrome/test-failed-1.png]]

[[ATTACHMENT|performance-Performance-Da-781c1-ce-dashboard-in-development-Mobile-Chrome/video.webm]]

[[ATTACHMENT|performance-Performance-Da-781c1-ce-dashboard-in-development-Mobile-Chrome/error-context.md]]
]]>
</system-out>
</testcase>
<testcase name="Performance Dashboard › should have good Core Web Vitals" classname="performance.spec.ts" time="8.526">
</testcase>
<testcase name="Performance Dashboard › should have accessible navigation" classname="performance.spec.ts" time="2.295">
</testcase>
<testcase name="Performance Dashboard › should be responsive on mobile" classname="performance.spec.ts" time="2.173">
<failure message="performance.spec.ts:60:7 should be responsive on mobile" type="FAILURE">
<![CDATA[  [Mobile Chrome] › performance.spec.ts:60:7 › Performance Dashboard › should be responsive on mobile 

    Error: locator.isVisible: Error: strict mode violation: locator('nav') resolved to 3 elements:
        1) <nav class="hidden md:flex gap-6 text-sm font-medium">…</nav> aka getByRole('banner').locator('nav')
        2) <nav role="navigation" aria-label="Мобильное меню" class="fixed inset-0 z-40 bg-background flex flex-col items-center justify-center gap-6 text-xl transition-transform duration-300 -translate-x-full">…</nav> aka getByRole('navigation', { name: 'Мобильное меню' })
        3) <nav aria-label="Основная навигация" class="flex flex-col sm:flex-row justify-center gap-6 mt-8">…</nav> aka getByRole('navigation', { name: 'Основная навигация' })

    Call log:
        - checking visibility of locator('nav')


      67 |     // Check if navigation works on mobile
      68 |     const nav = page.locator('nav');
    > 69 |     if (await nav.isVisible()) {
         |                   ^
      70 |       await expect(nav).toBeVisible();
      71 |     }
      72 |   });
        at /Users/morfi/Downloads/be-9f0e9d2065d425c457992d288a64b6eeed63e9bd/tests/e2e/performance.spec.ts:69:19

    attachment #1: screenshot (image/png) ──────────────────────────────────────────────────────────
    ../../test-results/performance-Performance-Da-b213e-uld-be-responsive-on-mobile-Mobile-Chrome/test-failed-1.png
    ────────────────────────────────────────────────────────────────────────────────────────────────

    attachment #2: video (video/webm) ──────────────────────────────────────────────────────────────
    ../../test-results/performance-Performance-Da-b213e-uld-be-responsive-on-mobile-Mobile-Chrome/video.webm
    ────────────────────────────────────────────────────────────────────────────────────────────────

    Error Context: ../../test-results/performance-Performance-Da-b213e-uld-be-responsive-on-mobile-Mobile-Chrome/error-context.md
]]>
</failure>
<system-out>
<![CDATA[
[[ATTACHMENT|performance-Performance-Da-b213e-uld-be-responsive-on-mobile-Mobile-Chrome/test-failed-1.png]]

[[ATTACHMENT|performance-Performance-Da-b213e-uld-be-responsive-on-mobile-Mobile-Chrome/video.webm]]

[[ATTACHMENT|performance-Performance-Da-b213e-uld-be-responsive-on-mobile-Mobile-Chrome/error-context.md]]
]]>
</system-out>
</testcase>
<testcase name="Performance Dashboard › should handle offline scenarios gracefully" classname="performance.spec.ts" time="1.708">
<failure message="performance.spec.ts:74:7 should handle offline scenarios gracefully" type="FAILURE">
<![CDATA[  [Mobile Chrome] › performance.spec.ts:74:7 › Performance Dashboard › should handle offline scenarios gracefully 

    Error: page.goto: net::ERR_INTERNET_DISCONNECTED at http://localhost:3000/
    Call log:
      - navigating to "http://localhost:3000/", waiting until "networkidle"


      77 |     
      78 |     // Try to navigate
    > 79 |     await page.goto('/', { waitUntil: 'networkidle' });
         |                ^
      80 |     
      81 |     // Should show some content or offline message
      82 |     const body = page.locator('body');
        at /Users/morfi/Downloads/be-9f0e9d2065d425c457992d288a64b6eeed63e9bd/tests/e2e/performance.spec.ts:79:16

    attachment #1: screenshot (image/png) ──────────────────────────────────────────────────────────
    ../../test-results/performance-Performance-Da-88739-ffline-scenarios-gracefully-Mobile-Chrome/test-failed-1.png
    ────────────────────────────────────────────────────────────────────────────────────────────────

    attachment #2: video (video/webm) ──────────────────────────────────────────────────────────────
    ../../test-results/performance-Performance-Da-88739-ffline-scenarios-gracefully-Mobile-Chrome/video.webm
    ────────────────────────────────────────────────────────────────────────────────────────────────
]]>
</failure>
<system-out>
<![CDATA[
[[ATTACHMENT|performance-Performance-Da-88739-ffline-scenarios-gracefully-Mobile-Chrome/test-failed-1.png]]

[[ATTACHMENT|performance-Performance-Da-88739-ffline-scenarios-gracefully-Mobile-Chrome/video.webm]]
]]>
</system-out>
</testcase>
</testsuite>
<testsuite name="api.spec.ts" timestamp="2025-09-21T18:53:34.001Z" hostname="Mobile Safari" tests="11" failures="0" skipped="0" time="10.706" errors="0">
<testcase name="API Endpoints › should handle web vitals API correctly" classname="api.spec.ts" time="0.979">
</testcase>
<testcase name="API Endpoints › should validate web vitals data" classname="api.spec.ts" time="1.029">
</testcase>
<testcase name="API Endpoints › should handle CORS correctly" classname="api.spec.ts" time="1.041">
</testcase>
<testcase name="API Endpoints › should rate limit requests" classname="api.spec.ts" time="0.878">
</testcase>
<testcase name="API Endpoints › should handle malformed JSON" classname="api.spec.ts" time="1.011">
</testcase>
<testcase name="API Endpoints › should handle large payloads" classname="api.spec.ts" time="0.913">
</testcase>
<testcase name="API Endpoints › should have proper error responses" classname="api.spec.ts" time="0.875">
</testcase>
<testcase name="API Endpoints › should handle concurrent requests" classname="api.spec.ts" time="0.944">
</testcase>
<testcase name="API Endpoints › should validate content types" classname="api.spec.ts" time="0.869">
</testcase>
<testcase name="API Endpoints › should have security headers" classname="api.spec.ts" time="0.841">
</testcase>
<testcase name="API Endpoints › should handle authentication for protected endpoints" classname="api.spec.ts" time="1.326">
</testcase>
</testsuite>
<testsuite name="auth.spec.ts" timestamp="2025-09-21T18:53:34.001Z" hostname="Mobile Safari" tests="8" failures="0" skipped="0" time="38.556" errors="0">
<testcase name="Authentication Flow › should display sign in options" classname="auth.spec.ts" time="4.775">
</testcase>
<testcase name="Authentication Flow › should handle OAuth providers" classname="auth.spec.ts" time="4.648">
</testcase>
<testcase name="Authentication Flow › should handle sign out" classname="auth.spec.ts" time="4.926">
</testcase>
<testcase name="Authentication Flow › should protect authenticated routes" classname="auth.spec.ts" time="10.254">
</testcase>
<testcase name="Authentication Flow › should handle CSRF protection" classname="auth.spec.ts" time="3.831">
</testcase>
<testcase name="Authentication Flow › should have secure session handling" classname="auth.spec.ts" time="3.604">
</testcase>
<testcase name="Authentication Flow › should handle authentication errors gracefully" classname="auth.spec.ts" time="2.918">
</testcase>
<testcase name="Authentication Flow › should validate auth API endpoints" classname="auth.spec.ts" time="3.6">
</testcase>
</testsuite>
<testsuite name="homepage.spec.ts" timestamp="2025-09-21T18:53:34.001Z" hostname="Mobile Safari" tests="7" failures="5" skipped="0" time="46.027" errors="0">
<testcase name="Homepage › should display homepage content correctly" classname="homepage.spec.ts" time="7.558">
<failure message="homepage.spec.ts:8:7 should display homepage content correctly" type="FAILURE">
<![CDATA[  [Mobile Safari] › homepage.spec.ts:8:7 › Homepage › should display homepage content correctly ────

    Error: expect(page).toHaveTitle(expected) failed

    Expected pattern: /BE\.KG/
    Received string:  "Best Electronics"
    Timeout: 5000ms

    Call log:
      - Expect "toHaveTitle" with timeout 5000ms
        8 × unexpected value "Best Electronics"


       8 |   test('should display homepage content correctly', async ({ page }) => {
       9 |     // Check page title
    > 10 |     await expect(page).toHaveTitle(/BE\.KG/);
         |                        ^
      11 |
      12 |     // Check main heading
      13 |     const h1 = page.locator('h1').first();
        at /Users/morfi/Downloads/be-9f0e9d2065d425c457992d288a64b6eeed63e9bd/tests/e2e/homepage.spec.ts:10:24

    attachment #1: screenshot (image/png) ──────────────────────────────────────────────────────────
    ../../test-results/homepage-Homepage-should-display-homepage-content-correctly-Mobile-Safari/test-failed-1.png
    ────────────────────────────────────────────────────────────────────────────────────────────────

    attachment #2: video (video/webm) ──────────────────────────────────────────────────────────────
    ../../test-results/homepage-Homepage-should-display-homepage-content-correctly-Mobile-Safari/video.webm
    ────────────────────────────────────────────────────────────────────────────────────────────────

    Error Context: ../../test-results/homepage-Homepage-should-display-homepage-content-correctly-Mobile-Safari/error-context.md
]]>
</failure>
<system-out>
<![CDATA[
[[ATTACHMENT|homepage-Homepage-should-display-homepage-content-correctly-Mobile-Safari/test-failed-1.png]]

[[ATTACHMENT|homepage-Homepage-should-display-homepage-content-correctly-Mobile-Safari/video.webm]]

[[ATTACHMENT|homepage-Homepage-should-display-homepage-content-correctly-Mobile-Safari/error-context.md]]
]]>
</system-out>
</testcase>
<testcase name="Homepage › should have working navigation" classname="homepage.spec.ts" time="3.514">
<failure message="homepage.spec.ts:21:7 should have working navigation" type="FAILURE">
<![CDATA[  [Mobile Safari] › homepage.spec.ts:21:7 › Homepage › should have working navigation ──────────────

    Error: locator.isVisible: Error: strict mode violation: locator('nav') resolved to 3 elements:
        1) <nav class="hidden md:flex gap-6 text-sm font-medium">…</nav> aka getByRole('banner').locator('nav')
        2) <nav role="navigation" aria-label="Мобильное меню" class="fixed inset-0 z-40 bg-background flex flex-col items-center justify-center gap-6 text-xl transition-transform duration-300 -translate-x-full">…</nav> aka getByRole('navigation', { name: 'Мобильное меню' })
        3) <nav aria-label="Основная навигация" class="flex flex-col sm:flex-row justify-center gap-6 mt-8">…</nav> aka getByRole('navigation', { name: 'Основная навигация' })

    Call log:
        - checking visibility of locator('nav')


      22 |     // Check if navigation exists
      23 |     const nav = page.locator('nav');
    > 24 |     if (await nav.isVisible()) {
         |                   ^
      25 |       // Test navigation links
      26 |       const navLinks = nav.locator('a');
      27 |       const count = await navLinks.count();
        at /Users/morfi/Downloads/be-9f0e9d2065d425c457992d288a64b6eeed63e9bd/tests/e2e/homepage.spec.ts:24:19

    attachment #1: screenshot (image/png) ──────────────────────────────────────────────────────────
    ../../test-results/homepage-Homepage-should-have-working-navigation-Mobile-Safari/test-failed-1.png
    ────────────────────────────────────────────────────────────────────────────────────────────────

    attachment #2: video (video/webm) ──────────────────────────────────────────────────────────────
    ../../test-results/homepage-Homepage-should-have-working-navigation-Mobile-Safari/video.webm
    ────────────────────────────────────────────────────────────────────────────────────────────────

    Error Context: ../../test-results/homepage-Homepage-should-have-working-navigation-Mobile-Safari/error-context.md
]]>
</failure>
<system-out>
<![CDATA[
[[ATTACHMENT|homepage-Homepage-should-have-working-navigation-Mobile-Safari/test-failed-1.png]]

[[ATTACHMENT|homepage-Homepage-should-have-working-navigation-Mobile-Safari/video.webm]]

[[ATTACHMENT|homepage-Homepage-should-have-working-navigation-Mobile-Safari/error-context.md]]
]]>
</system-out>
</testcase>
<testcase name="Homepage › should be accessible" classname="homepage.spec.ts" time="3.621">
</testcase>
<testcase name="Homepage › should handle keyboard navigation" classname="homepage.spec.ts" time="8.226">
<failure message="homepage.spec.ts:77:7 should handle keyboard navigation" type="FAILURE">
<![CDATA[  [Mobile Safari] › homepage.spec.ts:77:7 › Homepage › should handle keyboard navigation ───────────

    Error: expect(locator).toBeVisible() failed

    Locator:  locator(':focus')
    Expected: visible
    Received: <element(s) not found>
    Timeout:  5000ms

    Call log:
      - Expect "toBeVisible" with timeout 5000ms
      - waiting for locator(':focus')


      81 |     // Check if focus is visible
      82 |     const focusedElement = page.locator(':focus');
    > 83 |     await expect(focusedElement).toBeVisible();
         |                                  ^
      84 |
      85 |     // Test skip links if they exist
      86 |     const skipLink = page.locator('a[href="#main"], a[href="#content"]');
        at /Users/morfi/Downloads/be-9f0e9d2065d425c457992d288a64b6eeed63e9bd/tests/e2e/homepage.spec.ts:83:34

    attachment #1: screenshot (image/png) ──────────────────────────────────────────────────────────
    ../../test-results/homepage-Homepage-should-handle-keyboard-navigation-Mobile-Safari/test-failed-1.png
    ────────────────────────────────────────────────────────────────────────────────────────────────

    attachment #2: video (video/webm) ──────────────────────────────────────────────────────────────
    ../../test-results/homepage-Homepage-should-handle-keyboard-navigation-Mobile-Safari/video.webm
    ────────────────────────────────────────────────────────────────────────────────────────────────

    Error Context: ../../test-results/homepage-Homepage-should-handle-keyboard-navigation-Mobile-Safari/error-context.md
]]>
</failure>
<system-out>
<![CDATA[
[[ATTACHMENT|homepage-Homepage-should-handle-keyboard-navigation-Mobile-Safari/test-failed-1.png]]

[[ATTACHMENT|homepage-Homepage-should-handle-keyboard-navigation-Mobile-Safari/video.webm]]

[[ATTACHMENT|homepage-Homepage-should-handle-keyboard-navigation-Mobile-Safari/error-context.md]]
]]>
</system-out>
</testcase>
<testcase name="Homepage › should load without JavaScript errors" classname="homepage.spec.ts" time="4.299">
<failure message="homepage.spec.ts:98:7 should load without JavaScript errors" type="FAILURE">
<![CDATA[  [Mobile Safari] › homepage.spec.ts:98:7 › Homepage › should load without JavaScript errors ───────

    Error: expect(received).toHaveLength(expected)

    Expected length: 0
    Received length: 2
    Received array:  ["Failed to preconnect to https://fonts.googleapis.com/. Error: Could not connect to the server.", "Failed to preconnect to https://fonts.gstatic.com/. Error: Could not connect to the server."]

      119 |     );
      120 |
    > 121 |     expect(criticalErrors).toHaveLength(0);
          |                            ^
      122 |   });
      123 |
      124 |   test('should have proper meta tags for SEO', async ({ page }) => {
        at /Users/morfi/Downloads/be-9f0e9d2065d425c457992d288a64b6eeed63e9bd/tests/e2e/homepage.spec.ts:121:28

    attachment #1: screenshot (image/png) ──────────────────────────────────────────────────────────
    ../../test-results/homepage-Homepage-should-load-without-JavaScript-errors-Mobile-Safari/test-failed-1.png
    ────────────────────────────────────────────────────────────────────────────────────────────────

    attachment #2: video (video/webm) ──────────────────────────────────────────────────────────────
    ../../test-results/homepage-Homepage-should-load-without-JavaScript-errors-Mobile-Safari/video.webm
    ────────────────────────────────────────────────────────────────────────────────────────────────

    Error Context: ../../test-results/homepage-Homepage-should-load-without-JavaScript-errors-Mobile-Safari/error-context.md
]]>
</failure>
<system-out>
<![CDATA[
[[ATTACHMENT|homepage-Homepage-should-load-without-JavaScript-errors-Mobile-Safari/test-failed-1.png]]

[[ATTACHMENT|homepage-Homepage-should-load-without-JavaScript-errors-Mobile-Safari/video.webm]]

[[ATTACHMENT|homepage-Homepage-should-load-without-JavaScript-errors-Mobile-Safari/error-context.md]]
]]>
</system-out>
</testcase>
<testcase name="Homepage › should have proper meta tags for SEO" classname="homepage.spec.ts" time="3.306">
<failure message="homepage.spec.ts:124:7 should have proper meta tags for SEO" type="FAILURE">
<![CDATA[  [Mobile Safari] › homepage.spec.ts:124:7 › Homepage › should have proper meta tags for SEO ───────

    Error: expect.toHaveAttribute: Error: strict mode violation: locator('meta[name="viewport"]') resolved to 2 elements:
        1) <meta name="viewport" content="width=device-width, initial-scale=1"/> aka locator('meta[name="viewport"]').first()
        2) <meta name="viewport" content="width=device-width, initial-scale=1, viewport-fit=cover"/> aka locator('meta[name="viewport"]').nth(1)

    Call log:
      - Expect "toHaveAttribute" with timeout 5000ms
      - waiting for locator('meta[name="viewport"]')


      129 |     // Check meta viewport
      130 |     const metaViewport = page.locator('meta[name="viewport"]');
    > 131 |     await expect(metaViewport).toHaveAttribute('content', /width=device-width/);
          |                                ^
      132 |
      133 |     // Check Open Graph tags
      134 |     const ogTitle = page.locator('meta[property="og:title"]');
        at /Users/morfi/Downloads/be-9f0e9d2065d425c457992d288a64b6eeed63e9bd/tests/e2e/homepage.spec.ts:131:32

    attachment #1: screenshot (image/png) ──────────────────────────────────────────────────────────
    ../../test-results/homepage-Homepage-should-have-proper-meta-tags-for-SEO-Mobile-Safari/test-failed-1.png
    ────────────────────────────────────────────────────────────────────────────────────────────────

    attachment #2: video (video/webm) ──────────────────────────────────────────────────────────────
    ../../test-results/homepage-Homepage-should-have-proper-meta-tags-for-SEO-Mobile-Safari/video.webm
    ────────────────────────────────────────────────────────────────────────────────────────────────

    Error Context: ../../test-results/homepage-Homepage-should-have-proper-meta-tags-for-SEO-Mobile-Safari/error-context.md
]]>
</failure>
<system-out>
<![CDATA[
[[ATTACHMENT|homepage-Homepage-should-have-proper-meta-tags-for-SEO-Mobile-Safari/test-failed-1.png]]

[[ATTACHMENT|homepage-Homepage-should-have-proper-meta-tags-for-SEO-Mobile-Safari/video.webm]]

[[ATTACHMENT|homepage-Homepage-should-have-proper-meta-tags-for-SEO-Mobile-Safari/error-context.md]]
]]>
</system-out>
</testcase>
<testcase name="Homepage › should be responsive" classname="homepage.spec.ts" time="15.503">
</testcase>
</testsuite>
<testsuite name="performance.spec.ts" timestamp="2025-09-21T18:53:34.001Z" hostname="Mobile Safari" tests="6" failures="4" skipped="0" time="34.576" errors="0">
<testcase name="Performance Dashboard › should load homepage within performance budget" classname="performance.spec.ts" time="3.929">
</testcase>
<testcase name="Performance Dashboard › should display performance dashboard in development" classname="performance.spec.ts" time="9.279">
<failure message="performance.spec.ts:18:7 should display performance dashboard in development" type="FAILURE">
<![CDATA[  [Mobile Safari] › performance.spec.ts:18:7 › Performance Dashboard › should display performance dashboard in development 

    Error: expect(locator).toBeVisible() failed

    Locator:  locator('[data-testid="performance-dashboard"]')
    Expected: visible
    Received: <element(s) not found>
    Timeout:  5000ms

    Call log:
      - Expect "toBeVisible" with timeout 5000ms
      - waiting for locator('[data-testid="performance-dashboard"]')


      21 |     
      22 |     if (isDev) {
    > 23 |       await expect(page.locator('[data-testid="performance-dashboard"]')).toBeVisible();
         |                                                                           ^
      24 |     }
      25 |   });
      26 |
        at /Users/morfi/Downloads/be-9f0e9d2065d425c457992d288a64b6eeed63e9bd/tests/e2e/performance.spec.ts:23:75

    attachment #1: screenshot (image/png) ──────────────────────────────────────────────────────────
    ../../test-results/performance-Performance-Da-781c1-ce-dashboard-in-development-Mobile-Safari/test-failed-1.png
    ────────────────────────────────────────────────────────────────────────────────────────────────

    attachment #2: video (video/webm) ──────────────────────────────────────────────────────────────
    ../../test-results/performance-Performance-Da-781c1-ce-dashboard-in-development-Mobile-Safari/video.webm
    ────────────────────────────────────────────────────────────────────────────────────────────────

    Error Context: ../../test-results/performance-Performance-Da-781c1-ce-dashboard-in-development-Mobile-Safari/error-context.md
]]>
</failure>
<system-out>
<![CDATA[
[[ATTACHMENT|performance-Performance-Da-781c1-ce-dashboard-in-development-Mobile-Safari/test-failed-1.png]]

[[ATTACHMENT|performance-Performance-Da-781c1-ce-dashboard-in-development-Mobile-Safari/video.webm]]

[[ATTACHMENT|performance-Performance-Da-781c1-ce-dashboard-in-development-Mobile-Safari/error-context.md]]
]]>
</system-out>
</testcase>
<testcase name="Performance Dashboard › should have good Core Web Vitals" classname="performance.spec.ts" time="7.982">
</testcase>
<testcase name="Performance Dashboard › should have accessible navigation" classname="performance.spec.ts" time="9.099">
<failure message="performance.spec.ts:49:7 should have accessible navigation" type="FAILURE">
<![CDATA[  [Mobile Safari] › performance.spec.ts:49:7 › Performance Dashboard › should have accessible navigation 

    Error: expect(locator).toBeVisible() failed

    Locator:  locator(':focus')
    Expected: visible
    Received: <element(s) not found>
    Timeout:  5000ms

    Call log:
      - Expect "toBeVisible" with timeout 5000ms
      - waiting for locator(':focus')


      55 |     await page.keyboard.press('Tab');
      56 |     const focusedElement = page.locator(':focus');
    > 57 |     await expect(focusedElement).toBeVisible();
         |                                  ^
      58 |   });
      59 |
      60 |   test('should be responsive on mobile', async ({ page }) => {
        at /Users/morfi/Downloads/be-9f0e9d2065d425c457992d288a64b6eeed63e9bd/tests/e2e/performance.spec.ts:57:34

    attachment #1: screenshot (image/png) ──────────────────────────────────────────────────────────
    ../../test-results/performance-Performance-Da-02607--have-accessible-navigation-Mobile-Safari/test-failed-1.png
    ────────────────────────────────────────────────────────────────────────────────────────────────

    attachment #2: video (video/webm) ──────────────────────────────────────────────────────────────
    ../../test-results/performance-Performance-Da-02607--have-accessible-navigation-Mobile-Safari/video.webm
    ────────────────────────────────────────────────────────────────────────────────────────────────

    Error Context: ../../test-results/performance-Performance-Da-02607--have-accessible-navigation-Mobile-Safari/error-context.md
]]>
</failure>
<system-out>
<![CDATA[
[[ATTACHMENT|performance-Performance-Da-02607--have-accessible-navigation-Mobile-Safari/test-failed-1.png]]

[[ATTACHMENT|performance-Performance-Da-02607--have-accessible-navigation-Mobile-Safari/video.webm]]

[[ATTACHMENT|performance-Performance-Da-02607--have-accessible-navigation-Mobile-Safari/error-context.md]]
]]>
</system-out>
</testcase>
<testcase name="Performance Dashboard › should be responsive on mobile" classname="performance.spec.ts" time="2.236">
<failure message="performance.spec.ts:60:7 should be responsive on mobile" type="FAILURE">
<![CDATA[  [Mobile Safari] › performance.spec.ts:60:7 › Performance Dashboard › should be responsive on mobile 

    Error: locator.isVisible: Error: strict mode violation: locator('nav') resolved to 3 elements:
        1) <nav class="hidden md:flex gap-6 text-sm font-medium">…</nav> aka getByRole('banner').locator('nav')
        2) <nav role="navigation" aria-label="Мобильное меню" class="fixed inset-0 z-40 bg-background flex flex-col items-center justify-center gap-6 text-xl transition-transform duration-300 -translate-x-full">…</nav> aka getByRole('navigation', { name: 'Мобильное меню' })
        3) <nav aria-label="Основная навигация" class="flex flex-col sm:flex-row justify-center gap-6 mt-8">…</nav> aka getByRole('navigation', { name: 'Основная навигация' })

    Call log:
        - checking visibility of locator('nav')


      67 |     // Check if navigation works on mobile
      68 |     const nav = page.locator('nav');
    > 69 |     if (await nav.isVisible()) {
         |                   ^
      70 |       await expect(nav).toBeVisible();
      71 |     }
      72 |   });
        at /Users/morfi/Downloads/be-9f0e9d2065d425c457992d288a64b6eeed63e9bd/tests/e2e/performance.spec.ts:69:19

    attachment #1: screenshot (image/png) ──────────────────────────────────────────────────────────
    ../../test-results/performance-Performance-Da-b213e-uld-be-responsive-on-mobile-Mobile-Safari/test-failed-1.png
    ────────────────────────────────────────────────────────────────────────────────────────────────

    attachment #2: video (video/webm) ──────────────────────────────────────────────────────────────
    ../../test-results/performance-Performance-Da-b213e-uld-be-responsive-on-mobile-Mobile-Safari/video.webm
    ────────────────────────────────────────────────────────────────────────────────────────────────

    Error Context: ../../test-results/performance-Performance-Da-b213e-uld-be-responsive-on-mobile-Mobile-Safari/error-context.md
]]>
</failure>
<system-out>
<![CDATA[
[[ATTACHMENT|performance-Performance-Da-b213e-uld-be-responsive-on-mobile-Mobile-Safari/test-failed-1.png]]

[[ATTACHMENT|performance-Performance-Da-b213e-uld-be-responsive-on-mobile-Mobile-Safari/video.webm]]

[[ATTACHMENT|performance-Performance-Da-b213e-uld-be-responsive-on-mobile-Mobile-Safari/error-context.md]]
]]>
</system-out>
</testcase>
<testcase name="Performance Dashboard › should handle offline scenarios gracefully" classname="performance.spec.ts" time="2.051">
<failure message="performance.spec.ts:74:7 should handle offline scenarios gracefully" type="FAILURE">
<![CDATA[  [Mobile Safari] › performance.spec.ts:74:7 › Performance Dashboard › should handle offline scenarios gracefully 

    Error: page.goto: WebKit encountered an internal error
    Call log:
      - navigating to "http://localhost:3000/", waiting until "networkidle"


      77 |     
      78 |     // Try to navigate
    > 79 |     await page.goto('/', { waitUntil: 'networkidle' });
         |                ^
      80 |     
      81 |     // Should show some content or offline message
      82 |     const body = page.locator('body');
        at /Users/morfi/Downloads/be-9f0e9d2065d425c457992d288a64b6eeed63e9bd/tests/e2e/performance.spec.ts:79:16

    attachment #1: screenshot (image/png) ──────────────────────────────────────────────────────────
    ../../test-results/performance-Performance-Da-88739-ffline-scenarios-gracefully-Mobile-Safari/test-failed-1.png
    ────────────────────────────────────────────────────────────────────────────────────────────────

    attachment #2: video (video/webm) ──────────────────────────────────────────────────────────────
    ../../test-results/performance-Performance-Da-88739-ffline-scenarios-gracefully-Mobile-Safari/video.webm
    ────────────────────────────────────────────────────────────────────────────────────────────────

    Error Context: ../../test-results/performance-Performance-Da-88739-ffline-scenarios-gracefully-Mobile-Safari/error-context.md
]]>
</failure>
<system-out>
<![CDATA[
[[ATTACHMENT|performance-Performance-Da-88739-ffline-scenarios-gracefully-Mobile-Safari/test-failed-1.png]]

[[ATTACHMENT|performance-Performance-Da-88739-ffline-scenarios-gracefully-Mobile-Safari/video.webm]]

[[ATTACHMENT|performance-Performance-Da-88739-ffline-scenarios-gracefully-Mobile-Safari/error-context.md]]
]]>
</system-out>
</testcase>
</testsuite>
</testsuites>